This is XeTeX, Version 3.141592653-2.6-0.999997 (TeX Live 2025) (preloaded format=xelatex)
 restricted \write18 enabled.
entering extended mode
(./review_main.tex
LaTeX2e <2024-11-01> patch level 2
L3 programming layer <2025-01-18>
(/usr/local/texlive/2025basic/texmf-dist/tex/latex/ctex/ctexrep.cls
(/usr/local/texlive/2025basic/texmf-dist/tex/latex/ctex/config/ctexbackend.cfg)
 (/usr/local/texlive/2025basic/texmf-dist/tex/latex/l3kernel/expl3.sty
(/usr/local/texlive/2025basic/texmf-dist/tex/latex/l3backend/l3backend-xetex.de
f))
Document Class: ctexrep 2022/07/14 v2.5.10 Chinese adapter for class report (CT
EX)
(/usr/local/texlive/2025basic/texmf-dist/tex/latex/ctex/ctexhook.sty)
(/usr/local/texlive/2025basic/texmf-dist/tex/latex/ctex/ctexpatch.sty)
(/usr/local/texlive/2025basic/texmf-dist/tex/latex/base/fix-cm.sty
(/usr/local/texlive/2025basic/texmf-dist/tex/latex/base/ts1enc.def))
(/usr/local/texlive/2025basic/texmf-dist/tex/latex/ctex/config/ctexopts.cfg)
(/usr/local/texlive/2025basic/texmf-dist/tex/latex/base/report.cls
Document Class: report 2024/06/29 v1.4n Standard LaTeX document class
(/usr/local/texlive/2025basic/texmf-dist/tex/latex/base/size10.clo))
(/usr/local/texlive/2025basic/texmf-dist/tex/latex/ctex/engine/ctex-engine-xete
x.def (/usr/local/texlive/2025basic/texmf-dist/tex/xelatex/xecjk/xeCJK.sty
(/usr/local/texlive/2025basic/texmf-dist/tex/latex/l3packages/xtemplate/xtempla
te.sty)
(/usr/local/texlive/2025basic/texmf-dist/tex/latex/fontspec/fontspec.sty
(/usr/local/texlive/2025basic/texmf-dist/tex/latex/l3packages/xparse/xparse.sty
)
(/usr/local/texlive/2025basic/texmf-dist/tex/latex/fontspec/fontspec-xetex.sty
(/usr/local/texlive/2025basic/texmf-dist/tex/latex/base/fontenc.sty)
(/usr/local/texlive/2025basic/texmf-dist/tex/latex/fontspec/fontspec.cfg)))
(/usr/local/texlive/2025basic/texmf-dist/tex/xelatex/xecjk/xeCJK.cfg)))
(/usr/local/texlive/2025basic/texmf-dist/tex/latex/zhnumber/zhnumber.sty
(/usr/local/texlive/2025basic/texmf-dist/tex/latex/zhnumber/zhnumber-utf8.cfg))

(/usr/local/texlive/2025basic/texmf-dist/tex/latex/ctex/scheme/ctex-scheme-chin
ese-report.def
(/usr/local/texlive/2025basic/texmf-dist/tex/latex/ctex/config/ctex-name-utf8.c
fg))
(/usr/local/texlive/2025basic/texmf-dist/tex/latex/ctex/fontset/ctex-fontset-ma
cnew.def))
(/usr/local/texlive/2025basic/texmf-dist/tex/latex/ctex/config/ctex.cfg)
(/usr/local/texlive/2025basic/texmf-dist/tex/latex/geometry/geometry.sty
(/usr/local/texlive/2025basic/texmf-dist/tex/latex/graphics/keyval.sty)
(/usr/local/texlive/2025basic/texmf-dist/tex/generic/iftex/ifvtex.sty
(/usr/local/texlive/2025basic/texmf-dist/tex/generic/iftex/iftex.sty)))
(/usr/local/texlive/2025basic/texmf-dist/tex/latex/xcolor/xcolor.sty
(/usr/local/texlive/2025basic/texmf-dist/tex/latex/graphics-cfg/color.cfg)
(/usr/local/texlive/2025basic/texmf-dist/tex/latex/graphics-def/xetex.def)
(/usr/local/texlive/2025basic/texmf-dist/tex/latex/graphics/mathcolor.ltx))
(/usr/local/texlive/2025basic/texmf-dist/tex/latex/graphics/graphicx.sty
(/usr/local/texlive/2025basic/texmf-dist/tex/latex/graphics/graphics.sty
(/usr/local/texlive/2025basic/texmf-dist/tex/latex/graphics/trig.sty)
(/usr/local/texlive/2025basic/texmf-dist/tex/latex/graphics-cfg/graphics.cfg)))
 (/usr/local/texlive/2025basic/texmf-dist/tex/latex/float/float.sty)
(/usr/local/texlive/2025basic/texmf-dist/tex/latex/tools/longtable.sty)
(/usr/local/texlive/2025basic/texmf-dist/tex/latex/booktabs/booktabs.sty)
(/usr/local/texlive/2025basic/texmf-dist/tex/latex/tools/array.sty)
(/usr/local/texlive/2025basic/texmf-dist/tex/latex/tools/calc.sty)
(/usr/local/texlive/2025basic/texmf-dist/tex/latex/amsmath/amsmath.sty
For additional information on amsmath, use the `?' option.
(/usr/local/texlive/2025basic/texmf-dist/tex/latex/amsmath/amstext.sty
(/usr/local/texlive/2025basic/texmf-dist/tex/latex/amsmath/amsgen.sty))
(/usr/local/texlive/2025basic/texmf-dist/tex/latex/amsmath/amsbsy.sty)
(/usr/local/texlive/2025basic/texmf-dist/tex/latex/amsmath/amsopn.sty))
(/usr/local/texlive/2025basic/texmf-dist/tex/latex/amsfonts/amssymb.sty
(/usr/local/texlive/2025basic/texmf-dist/tex/latex/amsfonts/amsfonts.sty))
(/Users/lizhuolun/Library/texmf/tex/generic/soul/soul.sty
(/Users/lizhuolun/Library/texmf/tex/generic/soul/soul-ori.sty)
(/usr/local/texlive/2025basic/texmf-dist/tex/generic/infwarerr/infwarerr.sty)
(/usr/local/texlive/2025basic/texmf-dist/tex/generic/etexcmds/etexcmds.sty))
(./review_main.aux)
*geometry* driver: auto-detecting
*geometry* detected driver: xetex
(./body.tex
[1] (/usr/local/texlive/2025basic/texmf-dist/tex/latex/amsfonts/umsa.fd)
(/usr/local/texlive/2025basic/texmf-dist/tex/latex/amsfonts/umsb.fd)
Underfull \hbox (badness 1546) in paragraph at lines 116--116
[]\TU/SongtiSCLight(0)/b/n/8 问 题 \TU/SongtiSCLight(0)/m/n/8 读 作  |「被 平 方 后 的 赌 
注 \TU/lmr/m/n/8 g \TU/SongtiSCLight(0)/m/n/8 除」 ，|  但 公 式 是

[2]
[3]
Missing character: There is no τ (U+03C4) in font [lmroman9-regular]:mapping=te
x-text;!

[4]
[5]
[6]
Underfull \hbox (badness 10000) in paragraph at lines 422--422
[]\TU/lmr/m/n/9 The harness is a small dependency-light Python codebase

Underfull \hbox (badness 3138) in paragraph at lines 422--422
\TU/lmr/m/n/9 (NumPy/SciPy/NetworkX). We draw all randomness from inde-

[7]
[8]
[9]
Underfull \hbox (badness 1478) in paragraph at lines 572--572
[]\TU/lmr/bx/n/9 (F2) Two distinct robustness mechanisms, with different

[10]
[11]
Underfull \hbox (badness 2035) in paragraph at lines 631--631
\TU/lmr/m/n/8 error model (a monotone rescale) has Kendall-

[12]
[13]
[14]
Underfull \hbox (badness 1540) in paragraph at lines 786--786
[]\TU/lmr/m/n/9 On strong-baseline instances, no practical empirical-$\OML/cmm/
m/it/9 `[]$

[15]
[16]
Underfull \hbox (badness 1077) in paragraph at lines 876--876
[]\TU/lmr/m/n/9 The honest costs: when advice is bad but not worthless-if-true,


Underfull \hbox (badness 1072) in paragraph at lines 876--876
\TU/lmr/m/n/9 the payoff rule pays the same prefix cost as its competitors ($\O
MS/cmsy/m/n/9 ^^Y

[17]
[18]
[19]
[20]
Underfull \hbox (badness 1776) in paragraph at lines 1030--1030
\TU/lmr/m/n/9 elementary — Bernstein/Hoeffding upper, Hellinger + Lemma 1

Underfull \hbox (badness 1337) in paragraph at lines 1030--1030
\TU/lmr/m/n/9 magnitude-free achievability, organized around the specialist mas
s
Missing character: There is no τ (U+03C4) in font [lmroman9-regular]:mapping=te
x-text;!
Missing character: There is no β (U+03B2) in font [lmroman9-regular]:mapping=te
x-text;!
Missing character: There is no ε (U+03B5) in font [lmroman9-regular]:mapping=te
x-text;!
Missing character: There is no β (U+03B2) in font [lmroman9-regular]:mapping=te
x-text;!
Missing character: There is no ℓ (U+2113) in font [lmroman9-regular]:mapping=te
x-text;!
Missing character: There is no ₁ (U+2081) in font [lmroman9-regular]:mapping=te
x-text;!

[21]
Underfull \hbox (badness 3930) in paragraph at lines 1062--1062
[]\TU/SongtiSCLight(0)/b/n/8 问 题 \TU/lmr/m/n/8 Theorem 1(i) \TU/SongtiSCLight(0
)/m/n/8 给 的 不 可 能 性 门 槛 是 \TU/lmr/m/n/8 k =

[22]
Underfull \hbox (badness 10000) in paragraph at lines 1147--1147
[]\TU/lmr/m/it/9 Proof. \TU/lmr/m/n/9 Conditioning on $\OML/cmm/m/it/9 D$ \TU/l
mr/m/n/9 under $\OML/cmm/m/it/9 G$\TU/lmr/m/n/9 , $\U/msb/m/n/9 E[]\OT1/cmr/m/n
/9 [\OML/cmm/m/it/9 A[]\OT1/cmr/m/n/9 ]/[] =

Underfull \hbox (badness 2368) in paragraph at lines 1192--1192
\TU/SongtiSCLight(0)/m/n/8 为 它 同 时 是 决 策 统 计 量 的 方 差 上 界，| \TU/lmr/m/n/8 sigma 
\TU/SongtiSCLight(0)/m/n/8 即 其

Underfull \hbox (badness 1789) in paragraph at lines 1192--1192
\TU/lmr/m/n/8 the baseline slack.* That the same $\sigma^2$

Underfull \hbox (badness 2065) in paragraph at lines 1192--1192
\TU/lmr/m/n/8 measures both the slack and the noise is not

Underfull \hbox (badness 3503) in paragraph at lines 1192--1192
\TU/lmr/m/n/8 a coincidence  |\TU/SongtiSCLight(0)/m/n/8 —| \TU/lmr/m/n/8 it is
 the law. The canoni-

[23]
Underfull \hbox (badness 1259) in paragraph at lines 1217--1217
\TU/lmr/m/n/9 sweeps, \TU/lmtt/m/n/9 scripts/verify_witness_gap.py\TU/lmr/m/n/9
 , and for ran-

Underfull \hbox (badness 1067) in paragraph at lines 1217--1217
\TU/lmr/m/n/9 dom heterogeneous and magnitude-mismatched profiles,

[24]
[25]
Underfull \hbox (badness 4713) in paragraph at lines 1324--1324
[]\TU/lmr/bx/n/9 Corollary (uncapturable upsides). \TU/lmr/m/n/9 On strong-

Underfull \hbox (badness 5490) in paragraph at lines 1324--1324
\TU/lmr/m/n/9 baseline families, every advice upside smaller than

Underfull \hbox (badness 1259) in paragraph at lines 1338--1338
[]\TU/SongtiSCLight(0)/b/n/8 问 题 \TU/SongtiSCLight(0)/m/n/8 这 是 全 文 最 强、|  也 最 
会 被 引 用 的 一 句。|  它 由」|

[26]
[27]
[28]
Underfull \hbox (badness 2591) in paragraph at lines 1478--1478
[]\TU/lmr/bx/n/9 Learning-augmented algorithms. \TU/lmr/m/n/9 The consistency/r
obustness

[29])
[30] (./review_main.aux) )
(see the transcript file for additional information)
Output written on review_main.pdf (30 pages).
Transcript written on review_main.log.
This is XeTeX, Version 3.141592653-2.6-0.999997 (TeX Live 2025) (preloaded format=xelatex)
 restricted \write18 enabled.
entering extended mode
(./review_main.tex
LaTeX2e <2024-11-01> patch level 2
L3 programming layer <2025-01-18>
(/usr/local/texlive/2025basic/texmf-dist/tex/latex/ctex/ctexrep.cls
(/usr/local/texlive/2025basic/texmf-dist/tex/latex/ctex/config/ctexbackend.cfg)
 (/usr/local/texlive/2025basic/texmf-dist/tex/latex/l3kernel/expl3.sty
(/usr/local/texlive/2025basic/texmf-dist/tex/latex/l3backend/l3backend-xetex.de
f))
Document Class: ctexrep 2022/07/14 v2.5.10 Chinese adapter for class report (CT
EX)
(/usr/local/texlive/2025basic/texmf-dist/tex/latex/ctex/ctexhook.sty)
(/usr/local/texlive/2025basic/texmf-dist/tex/latex/ctex/ctexpatch.sty)
(/usr/local/texlive/2025basic/texmf-dist/tex/latex/base/fix-cm.sty
(/usr/local/texlive/2025basic/texmf-dist/tex/latex/base/ts1enc.def))
(/usr/local/texlive/2025basic/texmf-dist/tex/latex/ctex/config/ctexopts.cfg)
(/usr/local/texlive/2025basic/texmf-dist/tex/latex/base/report.cls
Document Class: report 2024/06/29 v1.4n Standard LaTeX document class
(/usr/local/texlive/2025basic/texmf-dist/tex/latex/base/size10.clo))
(/usr/local/texlive/2025basic/texmf-dist/tex/latex/ctex/engine/ctex-engine-xete
x.def (/usr/local/texlive/2025basic/texmf-dist/tex/xelatex/xecjk/xeCJK.sty
(/usr/local/texlive/2025basic/texmf-dist/tex/latex/l3packages/xtemplate/xtempla
te.sty)
(/usr/local/texlive/2025basic/texmf-dist/tex/latex/fontspec/fontspec.sty
(/usr/local/texlive/2025basic/texmf-dist/tex/latex/l3packages/xparse/xparse.sty
)
(/usr/local/texlive/2025basic/texmf-dist/tex/latex/fontspec/fontspec-xetex.sty
(/usr/local/texlive/2025basic/texmf-dist/tex/latex/base/fontenc.sty)
(/usr/local/texlive/2025basic/texmf-dist/tex/latex/fontspec/fontspec.cfg)))
(/usr/local/texlive/2025basic/texmf-dist/tex/xelatex/xecjk/xeCJK.cfg)))
(/usr/local/texlive/2025basic/texmf-dist/tex/latex/zhnumber/zhnumber.sty
(/usr/local/texlive/2025basic/texmf-dist/tex/latex/zhnumber/zhnumber-utf8.cfg))

(/usr/local/texlive/2025basic/texmf-dist/tex/latex/ctex/scheme/ctex-scheme-chin
ese-report.def
(/usr/local/texlive/2025basic/texmf-dist/tex/latex/ctex/config/ctex-name-utf8.c
fg))
(/usr/local/texlive/2025basic/texmf-dist/tex/latex/ctex/fontset/ctex-fontset-ma
cnew.def))
(/usr/local/texlive/2025basic/texmf-dist/tex/latex/ctex/config/ctex.cfg)
(/usr/local/texlive/2025basic/texmf-dist/tex/latex/geometry/geometry.sty
(/usr/local/texlive/2025basic/texmf-dist/tex/latex/graphics/keyval.sty)
(/usr/local/texlive/2025basic/texmf-dist/tex/generic/iftex/ifvtex.sty
(/usr/local/texlive/2025basic/texmf-dist/tex/generic/iftex/iftex.sty)))
(/usr/local/texlive/2025basic/texmf-dist/tex/latex/xcolor/xcolor.sty
(/usr/local/texlive/2025basic/texmf-dist/tex/latex/graphics-cfg/color.cfg)
(/usr/local/texlive/2025basic/texmf-dist/tex/latex/graphics-def/xetex.def)
(/usr/local/texlive/2025basic/texmf-dist/tex/latex/graphics/mathcolor.ltx))
(/usr/local/texlive/2025basic/texmf-dist/tex/latex/graphics/graphicx.sty
(/usr/local/texlive/2025basic/texmf-dist/tex/latex/graphics/graphics.sty
(/usr/local/texlive/2025basic/texmf-dist/tex/latex/graphics/trig.sty)
(/usr/local/texlive/2025basic/texmf-dist/tex/latex/graphics-cfg/graphics.cfg)))
 (/usr/local/texlive/2025basic/texmf-dist/tex/latex/float/float.sty)
(/usr/local/texlive/2025basic/texmf-dist/tex/latex/tools/longtable.sty)
(/usr/local/texlive/2025basic/texmf-dist/tex/latex/booktabs/booktabs.sty)
(/usr/local/texlive/2025basic/texmf-dist/tex/latex/tools/array.sty)
(/usr/local/texlive/2025basic/texmf-dist/tex/latex/tools/calc.sty)
(/usr/local/texlive/2025basic/texmf-dist/tex/latex/amsmath/amsmath.sty
For additional information on amsmath, use the `?' option.
(/usr/local/texlive/2025basic/texmf-dist/tex/latex/amsmath/amstext.sty
(/usr/local/texlive/2025basic/texmf-dist/tex/latex/amsmath/amsgen.sty))
(/usr/local/texlive/2025basic/texmf-dist/tex/latex/amsmath/amsbsy.sty)
(/usr/local/texlive/2025basic/texmf-dist/tex/latex/amsmath/amsopn.sty))
(/usr/local/texlive/2025basic/texmf-dist/tex/latex/amsfonts/amssymb.sty
(/usr/local/texlive/2025basic/texmf-dist/tex/latex/amsfonts/amsfonts.sty))
(/Users/lizhuolun/Library/texmf/tex/generic/soul/soul.sty
(/Users/lizhuolun/Library/texmf/tex/generic/soul/soul-ori.sty)
(/usr/local/texlive/2025basic/texmf-dist/tex/generic/infwarerr/infwarerr.sty)
(/usr/local/texlive/2025basic/texmf-dist/tex/generic/etexcmds/etexcmds.sty))
(./review_main.aux)
*geometry* driver: auto-detecting
*geometry* detected driver: xetex
(./body.tex
[1] (/usr/local/texlive/2025basic/texmf-dist/tex/latex/amsfonts/umsa.fd)
(/usr/local/texlive/2025basic/texmf-dist/tex/latex/amsfonts/umsb.fd)
Underfull \hbox (badness 1546) in paragraph at lines 116--116
[]\TU/SongtiSCLight(0)/b/n/8 问 题 \TU/SongtiSCLight(0)/m/n/8 读 作  |「被 平 方 后 的 赌 
注 \TU/lmr/m/n/8 g \TU/SongtiSCLight(0)/m/n/8 除」 ，|  但 公 式 是

[2]
[3]
Missing character: There is no τ (U+03C4) in font [lmroman9-regular]:mapping=te
x-text;!

[4]
[5]
[6]
Underfull \hbox (badness 10000) in paragraph at lines 422--422
[]\TU/lmr/m/n/9 The harness is a small dependency-light Python codebase

Underfull \hbox (badness 3138) in paragraph at lines 422--422
\TU/lmr/m/n/9 (NumPy/SciPy/NetworkX). We draw all randomness from inde-

[7]
[8]
[9]
Underfull \hbox (badness 1478) in paragraph at lines 572--572
[]\TU/lmr/bx/n/9 (F2) Two distinct robustness mechanisms, with different

[10]
[11]
Underfull \hbox (badness 2035) in paragraph at lines 631--631
\TU/lmr/m/n/8 error model (a monotone rescale) has Kendall-

[12]
[13]
[14]
Underfull \hbox (badness 1540) in paragraph at lines 786--786
[]\TU/lmr/m/n/9 On strong-baseline instances, no practical empirical-$\OML/cmm/
m/it/9 `[]$

[15]
[16]
Underfull \hbox (badness 1077) in paragraph at lines 876--876
[]\TU/lmr/m/n/9 The honest costs: when advice is bad but not worthless-if-true,


Underfull \hbox (badness 1072) in paragraph at lines 876--876
\TU/lmr/m/n/9 the payoff rule pays the same prefix cost as its competitors ($\O
MS/cmsy/m/n/9 ^^Y

[17]
[18]
[19]
[20]
Underfull \hbox (badness 1776) in paragraph at lines 1030--1030
\TU/lmr/m/n/9 elementary — Bernstein/Hoeffding upper, Hellinger + Lemma 1

Underfull \hbox (badness 1337) in paragraph at lines 1030--1030
\TU/lmr/m/n/9 magnitude-free achievability, organized around the specialist mas
s
Missing character: There is no τ (U+03C4) in font [lmroman9-regular]:mapping=te
x-text;!
Missing character: There is no β (U+03B2) in font [lmroman9-regular]:mapping=te
x-text;!
Missing character: There is no ε (U+03B5) in font [lmroman9-regular]:mapping=te
x-text;!
Missing character: There is no β (U+03B2) in font [lmroman9-regular]:mapping=te
x-text;!
Missing character: There is no ℓ (U+2113) in font [lmroman9-regular]:mapping=te
x-text;!
Missing character: There is no ₁ (U+2081) in font [lmroman9-regular]:mapping=te
x-text;!

[21]
Underfull \hbox (badness 3930) in paragraph at lines 1062--1062
[]\TU/SongtiSCLight(0)/b/n/8 问 题 \TU/lmr/m/n/8 Theorem 1(i) \TU/SongtiSCLight(0
)/m/n/8 给 的 不 可 能 性 门 槛 是 \TU/lmr/m/n/8 k =

[22]
Underfull \hbox (badness 10000) in paragraph at lines 1147--1147
[]\TU/lmr/m/it/9 Proof. \TU/lmr/m/n/9 Conditioning on $\OML/cmm/m/it/9 D$ \TU/l
mr/m/n/9 under $\OML/cmm/m/it/9 G$\TU/lmr/m/n/9 , $\U/msb/m/n/9 E[]\OT1/cmr/m/n
/9 [\OML/cmm/m/it/9 A[]\OT1/cmr/m/n/9 ]/[] =

Underfull \hbox (badness 2368) in paragraph at lines 1192--1192
\TU/SongtiSCLight(0)/m/n/8 为 它 同 时 是 决 策 统 计 量 的 方 差 上 界，| \TU/lmr/m/n/8 sigma 
\TU/SongtiSCLight(0)/m/n/8 即 其

Underfull \hbox (badness 1789) in paragraph at lines 1192--1192
\TU/lmr/m/n/8 the baseline slack.* That the same $\sigma^2$

Underfull \hbox (badness 2065) in paragraph at lines 1192--1192
\TU/lmr/m/n/8 measures both the slack and the noise is not

Underfull \hbox (badness 3503) in paragraph at lines 1192--1192
\TU/lmr/m/n/8 a coincidence  |\TU/SongtiSCLight(0)/m/n/8 —| \TU/lmr/m/n/8 it is
 the law. The canoni-

[23]
Underfull \hbox (badness 1259) in paragraph at lines 1217--1217
\TU/lmr/m/n/9 sweeps, \TU/lmtt/m/n/9 scripts/verify_witness_gap.py\TU/lmr/m/n/9
 , and for ran-

Underfull \hbox (badness 1067) in paragraph at lines 1217--1217
\TU/lmr/m/n/9 dom heterogeneous and magnitude-mismatched profiles,

[24]
[25]
Underfull \hbox (badness 4713) in paragraph at lines 1324--1324
[]\TU/lmr/bx/n/9 Corollary (uncapturable upsides). \TU/lmr/m/n/9 On strong-

Underfull \hbox (badness 5490) in paragraph at lines 1324--1324
\TU/lmr/m/n/9 baseline families, every advice upside smaller than

Underfull \hbox (badness 1259) in paragraph at lines 1338--1338
[]\TU/SongtiSCLight(0)/b/n/8 问 题 \TU/SongtiSCLight(0)/m/n/8 这 是 全 文 最 强、|  也 最 
会 被 引 用 的 一 句。|  它 由」|

[26]
[27]
[28]
Underfull \hbox (badness 2591) in paragraph at lines 1478--1478
[]\TU/lmr/bx/n/9 Learning-augmented algorithms. \TU/lmr/m/n/9 The consistency/r
obustness

[29])
[30] (./review_main.aux) )
(see the transcript file for additional information)
Output written on review_main.pdf (30 pages).
Transcript written on review_main.log.
