This is pdfTeX, Version 3.141592653-2.6-1.40.27 (TeX Live 2025) (preloaded format=pdflatex)
 restricted \write18 enabled.
entering extended mode
(./talg_main.tex
LaTeX2e <2024-11-01> patch level 2
L3 programming layer <2025-01-18>
(/Users/lizhuolun/Library/texmf/tex/latex/acmart/acmart.cls
Document Class: acmart 2025/08/27 v2.16 Typesetting articles for the Associatio
n for Computing Machinery
(/Users/lizhuolun/Library/texmf/tex/latex/xkeyval/xkeyval.sty
(/Users/lizhuolun/Library/texmf/tex/generic/xkeyval/xkeyval.tex
(/Users/lizhuolun/Library/texmf/tex/generic/xkeyval/xkvutils.tex
(/Users/lizhuolun/Library/texmf/tex/generic/xkeyval/keyval.tex))))
(/Users/lizhuolun/Library/texmf/tex/generic/xstring/xstring.sty
(/Users/lizhuolun/Library/texmf/tex/generic/xstring/xstring.tex))
(/usr/local/texlive/2025basic/texmf-dist/tex/generic/iftex/iftex.sty)
(/usr/local/texlive/2025basic/texmf-dist/tex/latex/amscls/amsart.cls
Document Class: amsart 2020/05/29 v2.20.6
(/usr/local/texlive/2025basic/texmf-dist/tex/latex/amsmath/amsmath.sty
For additional information on amsmath, use the `?' option.
(/usr/local/texlive/2025basic/texmf-dist/tex/latex/amsmath/amstext.sty
(/usr/local/texlive/2025basic/texmf-dist/tex/latex/amsmath/amsgen.sty))
(/usr/local/texlive/2025basic/texmf-dist/tex/latex/amsmath/amsbsy.sty)
(/usr/local/texlive/2025basic/texmf-dist/tex/latex/amsmath/amsopn.sty))
(/usr/local/texlive/2025basic/texmf-dist/tex/latex/amsfonts/umsa.fd)
(/usr/local/texlive/2025basic/texmf-dist/tex/latex/amsfonts/amsfonts.sty))
(/usr/local/texlive/2025basic/texmf-dist/tex/latex/microtype/microtype.sty
(/Users/lizhuolun/Library/texmf/tex/latex/etoolbox/etoolbox.sty)
(/usr/local/texlive/2025basic/texmf-dist/tex/latex/microtype/microtype-pdftex.d
ef) (/usr/local/texlive/2025basic/texmf-dist/tex/latex/microtype/microtype.cfg)
) (/usr/local/texlive/2025basic/texmf-dist/tex/latex/booktabs/booktabs.sty)
(/usr/local/texlive/2025basic/texmf-dist/tex/latex/refcount/refcount.sty
(/usr/local/texlive/2025basic/texmf-dist/tex/generic/ltxcmds/ltxcmds.sty)
(/usr/local/texlive/2025basic/texmf-dist/tex/generic/infwarerr/infwarerr.sty))
(/Users/lizhuolun/Library/texmf/tex/latex/totpages/totpages.sty
(/usr/local/texlive/2025basic/texmf-dist/tex/latex/everyshi/everyshi.sty))
(/Users/lizhuolun/Library/texmf/tex/latex/environ/environ.sty
(/Users/lizhuolun/Library/texmf/tex/latex/trimspaces/trimspaces.sty))
(/Users/lizhuolun/Library/texmf/tex/latex/setspace/setspace.sty)
(/usr/local/texlive/2025basic/texmf-dist/tex/latex/natbib/natbib.sty)
(/usr/local/texlive/2025basic/texmf-dist/tex/latex/hyperref/hyperref.sty
(/usr/local/texlive/2025basic/texmf-dist/tex/latex/kvsetkeys/kvsetkeys.sty)
(/usr/local/texlive/2025basic/texmf-dist/tex/generic/kvdefinekeys/kvdefinekeys.
sty)
(/usr/local/texlive/2025basic/texmf-dist/tex/generic/pdfescape/pdfescape.sty
(/usr/local/texlive/2025basic/texmf-dist/tex/generic/pdftexcmds/pdftexcmds.sty)
) (/usr/local/texlive/2025basic/texmf-dist/tex/latex/hycolor/hycolor.sty)
(/usr/local/texlive/2025basic/texmf-dist/tex/latex/hyperref/nameref.sty
(/usr/local/texlive/2025basic/texmf-dist/tex/generic/gettitlestring/gettitlestr
ing.sty
(/usr/local/texlive/2025basic/texmf-dist/tex/latex/kvoptions/kvoptions.sty)))
(/usr/local/texlive/2025basic/texmf-dist/tex/generic/stringenc/stringenc.sty)
(/usr/local/texlive/2025basic/texmf-dist/tex/latex/hyperref/pd1enc.def)
(/usr/local/texlive/2025basic/texmf-dist/tex/generic/intcalc/intcalc.sty)
(/usr/local/texlive/2025basic/texmf-dist/tex/latex/hyperref/puenc.def)
(/usr/local/texlive/2025basic/texmf-dist/tex/latex/url/url.sty)
(/usr/local/texlive/2025basic/texmf-dist/tex/generic/bitset/bitset.sty
(/usr/local/texlive/2025basic/texmf-dist/tex/generic/bigintcalc/bigintcalc.sty)
) (/usr/local/texlive/2025basic/texmf-dist/tex/latex/base/atbegshi-ltx.sty))
(/usr/local/texlive/2025basic/texmf-dist/tex/latex/hyperref/hpdftex.def
(/usr/local/texlive/2025basic/texmf-dist/tex/latex/base/atveryend-ltx.sty)
(/usr/local/texlive/2025basic/texmf-dist/tex/latex/rerunfilecheck/rerunfilechec
k.sty
(/usr/local/texlive/2025basic/texmf-dist/tex/generic/uniquecounter/uniquecounte
r.sty))) (./hyperxmp.sty)
(/usr/local/texlive/2025basic/texmf-dist/tex/latex/graphics/graphicx.sty
(/usr/local/texlive/2025basic/texmf-dist/tex/latex/graphics/graphics.sty
(/usr/local/texlive/2025basic/texmf-dist/tex/latex/graphics/trig.sty)
(/usr/local/texlive/2025basic/texmf-dist/tex/latex/graphics-cfg/graphics.cfg)
(/usr/local/texlive/2025basic/texmf-dist/tex/latex/graphics-def/pdftex.def)))
(/usr/local/texlive/2025basic/texmf-dist/tex/latex/xcolor/xcolor.sty
(/usr/local/texlive/2025basic/texmf-dist/tex/latex/graphics-cfg/color.cfg)
(/usr/local/texlive/2025basic/texmf-dist/tex/latex/graphics/mathcolor.ltx))
(/usr/local/texlive/2025basic/texmf-dist/tex/latex/geometry/geometry.sty
(/usr/local/texlive/2025basic/texmf-dist/tex/generic/iftex/ifvtex.sty))
(/Users/lizhuolun/Library/texmf/tex/latex/ncctools/manyfoot.sty
(/Users/lizhuolun/Library/texmf/tex/latex/ncctools/nccfoots.sty))
(/usr/local/texlive/2025basic/texmf-dist/tex/generic/pdftex/glyphtounicode.tex)
(/usr/local/texlive/2025basic/texmf-dist/tex/latex/cmap/cmap.sty)
(/usr/local/texlive/2025basic/texmf-dist/tex/latex/base/fontenc.sty<<t1.cmap>>)
 (/Users/lizhuolun/Library/texmf/tex/latex/libertine/libertine.sty
(/usr/local/texlive/2025basic/texmf-dist/tex/generic/iftex/ifxetex.sty)
(/usr/local/texlive/2025basic/texmf-dist/tex/generic/iftex/ifluatex.sty)
(/usr/local/texlive/2025basic/texmf-dist/tex/latex/base/textcomp.sty)
(/usr/local/texlive/2025basic/texmf-dist/tex/latex/base/fontenc.sty)
(/Users/lizhuolun/Library/texmf/tex/latex/fontaxes/fontaxes.sty
(/Users/lizhuolun/Library/texmf/tex/latex/fontaxes/fontaxes-v1.sty))
(/Users/lizhuolun/Library/texmf/tex/latex/libertine/LinLibertine_I.tex))
(/Users/lizhuolun/Library/texmf/tex/latex/inconsolata/zi4.sty
`inconsolata-zi4' v1.12, 2019/05/17 Text macros for Inconsolata (msharpe))
(/Users/lizhuolun/Library/texmf/tex/latex/newtx/newtxmath.sty
`newtxmath' v1.754, 2024/09/22 Math macros based originally on txfonts (msharpe
) (/usr/local/texlive/2025basic/texmf-dist/tex/latex/base/ifthen.sty)
(/usr/local/texlive/2025basic/texmf-dist/tex/latex/oberdiek/centernot.sty)
(/Users/lizhuolun/Library/texmf/tex/generic/kastrup/binhex.tex)
amsthm NOT loaded
) (/usr/local/texlive/2025basic/texmf-dist/tex/latex/caption/caption.sty
(/usr/local/texlive/2025basic/texmf-dist/tex/latex/caption/caption3.sty
(/usr/local/texlive/2025basic/texmf-dist/tex/latex/caption/caption-ams-smf.sto)
)) (/usr/local/texlive/2025basic/texmf-dist/tex/latex/float/float.sty)
(/Users/lizhuolun/Library/texmf/tex/latex/comment/comment.sty
Excluding comment 'comment') Excluding comment 'CCSXML'
(/usr/local/texlive/2025basic/texmf-dist/tex/latex/fancyhdr/fancyhdr.sty)
Special comment 'acks'
(/Users/lizhuolun/Library/texmf/tex/latex/libertine/t1linuxlibertinet-tlf.fd))
(/usr/local/texlive/2025basic/texmf-dist/tex/latex/tools/longtable.sty)
(/usr/local/texlive/2025basic/texmf-dist/tex/latex/tools/array.sty)
(/usr/local/texlive/2025basic/texmf-dist/tex/latex/tools/calc.sty)
Excluding 'CCSXML' comment. Include comment 'screenonly'
Excluding comment 'printonly' Include comment 'anonsuppress'
(/usr/local/texlive/2025basic/texmf-dist/tex/latex/l3backend/l3backend-pdftex.d
ef) (./talg_main.aux)
(/Users/lizhuolun/Library/texmf/tex/latex/newtx/omlnxlmi.fd)
(/Users/lizhuolun/Library/texmf/tex/latex/newtx/untxexa.fd)
(/Users/lizhuolun/Library/texmf/tex/latex/newtx/lmsntxsy.fd)
(/Users/lizhuolun/Library/texmf/tex/latex/newtx/lmxntxexx.fd)
(/Users/lizhuolun/Library/texmf/tex/latex/libertine/ot1linuxlibertinet-tlf.fd)<
<ot1.cmap>> (/usr/local/texlive/2025basic/texmf-dist/tex/latex/amsfonts/umsa.fd
) (/usr/local/texlive/2025basic/texmf-dist/tex/latex/amsfonts/umsb.fd)
(/Users/lizhuolun/Library/texmf/tex/latex/newtx/untxmia.fd)
(/Users/lizhuolun/Library/texmf/tex/latex/newtx/untxsym.fd)
(/Users/lizhuolun/Library/texmf/tex/latex/newtx/untxsyc.fd) (./talg_main.out)
(./talg_main.out)
(/usr/local/texlive/2025basic/texmf-dist/tex/context/base/mkii/supp-pdf.mkii
[Loading MPS to PDF converter (version 2006.09.02).]
)
(/usr/local/texlive/2025basic/texmf-dist/tex/latex/epstopdf-pkg/epstopdf-base.s
ty
(/usr/local/texlive/2025basic/texmf-dist/tex/latex/latexconfig/epstopdf-sys.cfg
))
*geometry* driver: auto-detecting
*geometry* detected driver: pdftex
(/usr/local/texlive/2025basic/texmf-dist/tex/latex/upquote/upquote.sty)
(/usr/local/texlive/2025basic/texmf-dist/tex/latex/caption/ltcaption.sty)
(/Users/lizhuolun/Library/texmf/tex/latex/libertine/t1linuxbiolinumt-tlf.fd)
(/Users/lizhuolun/Library/texmf/tex/latex/libertine/ts1linuxlibertinet-tlf.fd)
(./ch/abstract.tex
(/usr/local/texlive/2025basic/texmf-dist/tex/latex/microtype/mt-msa.cfg)
(/usr/local/texlive/2025basic/texmf-dist/tex/latex/microtype/mt-msb.cfg))
(./ch/00_abstract_intro.tex
[1.1{/Users/lizhuolun/Library/texlive/2025basic/texmf-var/fonts/map/pdftex/updm
ap/pdftex.map}{/Users/lizhuolun/Library/texmf/fonts/enc/dvips/libertine/lbtn_76
gpa5.enc}{/Users/lizhuolun/Library/texmf/fonts/enc/dvips/libertine/lbtn_25tcsq.
enc}{/Users/lizhuolun/Library/texmf/fonts/enc/dvips/libertine/lbtn_7grukw.enc}{
/Users/lizhuolun/Library/texmf/fonts/enc/dvips/libertine/lbtn_nh77jq.enc}{/User
s/lizhuolun/Library/texmf/fonts/enc/dvips/libertine/lbtn_oexx6f.enc}{/Users/liz
huolun/Library/texmf/fonts/enc/dvips/libertine/lbtn_naooyc.enc}]
Underfull \vbox (badness 3690) has occurred while \output is active
[2.2]) (./ch/01_setup.tex
Underfull \vbox (badness 4048) has occurred while \output is active
[3.3]
Underfull \vbox (badness 1231) has occurred while \output is active
[4.4]) (./ch/02_unified_benchmark.tex
[5.5]
Underfull \vbox (badness 10000) has occurred while \output is active
[6.6]
[7.7 <../../results/unified_benchmark_panelA.png> <../../results/unified_benchm
ark_panelB.png> <../../results/unified_benchmark_panelC.png>])
(./ch/03_order_error.tex
(/Users/lizhuolun/Library/texmf/tex/latex/inconsolata/t1zi4.fd)

Class acmart Warning: A possible image without description on input line 43.


Underfull \vbox (badness 2073) has occurred while \output is active
[8.8{/Users/lizhuolun/Library/texmf/fonts/enc/dvips/inconsolata/i4-t1-4.enc}])
(./ch/04_test_and_fallback.tex
[9.9 <../../results/order_vs_theory.png>]

Class acmart Warning: A possible image without description on input line 36.


Class acmart Warning: A possible image without description on input line 58.


[10.10{/Users/lizhuolun/Library/texmf/fonts/enc/dvips/libertine/lbtn_ki75ao.enc
} <../../results/choo_bem_envelope.png>]
Underfull \vbox (badness 1005) has occurred while \output is active
[11.11 <../../results/choo_bem_prefix.png>]

Class acmart Warning: A possible image without description on input line 174.


Class acmart Warning: A possible image without description on input line 193.


Underfull \vbox (badness 10000) has occurred while \output is active
[12.12]
[13.13 <../../results/directional_envelope.png> <../../results/directional_pref
ix.png>]) (./ch/05_external_validity.tex

Class acmart Warning: A possible image without description on input line 24.


[14.14 <../../results/real_predictor.png>]

Class acmart Warning: A possible image without description on input line 59.


[15.15 <../../results/realworld_robustness.png>]) (./ch/06_theory.tex
[16.16]
(/Users/lizhuolun/Library/texmf/tex/latex/libertine/ot1linuxbiolinumt-tlf.fd)
Underfull \vbox (badness 10000) has occurred while \output is active
[17.17{/Users/lizhuolun/Library/texmf/fonts/enc/dvips/libertine/lbtn_edcawa.enc
}]
Overfull \hbox (44.58095pt too wide) in paragraph at lines 177--184
\T1/LinuxLibertineT-TLF/m/n/9 (-20) and for ran-dom het-ero-ge-neous and magnit
ude-mismatched pro-files, \T1/zi4/m/n/9 scripts/verify_budget_stakes_hetero.py\
T1/LinuxLibertineT-TLF/m/n/9 (-20) .) 

Underfull \vbox (badness 10000) has occurred while \output is active
[18.18]
Overfull \hbox (4.94011pt too wide) in paragraph at lines 246--264
\T1/LinuxLibertineT-TLF/m/n/9 (-20) the stakes are con-stant. The het-ero-ge-ne
ous claims are ver-i-fied sep-a-rately (\T1/zi4/m/n/9 scripts/verify_budget_sta
kes_hetero.py\T1/LinuxLibertineT-TLF/m/n/9 (-20) ):

[19.19]

Class acmart Warning: A possible image without description on input line 306.


Class acmart Warning: A possible image without description on input line 335.


[20.20 <../../results/impossibility_frontier.png>])
(./ch/07_serving_related_conclusion.tex
[21.21 <../../results/directional_rsweep.png>]
Underfull \vbox (badness 10000) has occurred while \output is active
[22.22]) (./talg_main.bbl
[23.23])

Class acmart Warning: Some images may lack descriptions.
(acmart)              ACM is committed to complying with the upcoming US ADA ht
tps://accessiblyapp.com/accessibility-compliance/ada/ and European Accessibilit
y Act (EAA) https://accessiblyapp.com/accessibility-compliance/eaa/ regulations
 by actively working to ensure our publications and application services are ac
cessible to individuals with disabilities, adhering to the WCAG guidelines to p
rovide a seamless experience for all users, and regularly reviewing our accessi
bility practices to maintain compliance with evolving standards. 
(acmart)              To this end, we strongly encourage our authors to provide
 alternative text and captions for images and multimedia content. It is also im
portant to optimize color contrast for the visually impaired. Taking these impo
rtant steps when creating your papers will ensure that the widest possible audi
ence can ingest your work..


[24.24] (./talg_main.aux) )
(see the transcript file for additional information)</Users/lizhuolun/Library/t
exmf/fonts/type1/public/inconsolata/Inconsolata-zi4r.pfb></Users/lizhuolun/Libr
ary/texmf/fonts/type1/public/newtx/LibertineMathMI.pfb></Users/lizhuolun/Librar
y/texmf/fonts/type1/public/newtx/LibertineMathMI5.pfb></Users/lizhuolun/Library
/texmf/fonts/type1/public/newtx/LibertineMathMI7.pfb></Users/lizhuolun/Library/
texmf/fonts/type1/public/newtx/LibertineMathRM.pfb></Users/lizhuolun/Library/te
xmf/fonts/type1/public/libertine/LinBiolinumT.pfb></Users/lizhuolun/Library/tex
mf/fonts/type1/public/libertine/LinBiolinumTB.pfb></Users/lizhuolun/Library/tex
mf/fonts/type1/public/libertine/LinBiolinumTBO.pfb></Users/lizhuolun/Library/te
xmf/fonts/type1/public/libertine/LinBiolinumTI.pfb></Users/lizhuolun/Library/te
xmf/fonts/type1/public/libertine/LinLibertineT.pfb></Users/lizhuolun/Library/te
xmf/fonts/type1/public/libertine/LinLibertineTB.pfb></Users/lizhuolun/Library/t
exmf/fonts/type1/public/libertine/LinLibertineTBI.pfb></Users/lizhuolun/Library
/texmf/fonts/type1/public/libertine/LinLibertineTI.pfb></Users/lizhuolun/Librar
y/texmf/fonts/type1/public/newtx/NewTXMI.pfb></Users/lizhuolun/Library/texmf/fo
nts/type1/public/newtx/NewTXMI7.pfb></Users/lizhuolun/Library/texmf/fonts/type1
/public/newtx/txexs.pfb></Users/lizhuolun/Library/texmf/fonts/type1/public/newt
x/txmiaX.pfb></Users/lizhuolun/Library/texmf/fonts/type1/public/newtx/txsym.pfb
></Users/lizhuolun/Library/texmf/fonts/type1/public/newtx/txsys.pfb>
Output written on talg_main.pdf (24 pages, 1576249 bytes).
Transcript written on talg_main.log.
This is BibTeX, Version 0.99d (TeX Live 2025)
The top-level auxiliary file: talg_main.aux
The style file: ACM-Reference-Format.bst
Database file #1: refs_clean.bib
Warning--empty publisher in aci2022mpd
Warning--empty address in aci2022mpd
Warning--page numbers missing in both pages and numpages fields in aci2022mpd
Warning--no number and no volume in antoniadis2025switching
Warning--page numbers missing in both pages and numpages fields in antoniadis2025switching
Warning--empty address in balcan2020datadriven
Warning--empty publisher in bhattacharyya2025product
Warning--empty address in bhattacharyya2025product
Warning--page numbers missing in both pages and numpages fields in bhattacharyya2025product
Warning--page numbers missing in both pages and numpages fields in borodin2018experimental
Warning--empty publisher in bem2026testmatch
Warning--empty address in bem2026testmatch
Warning--page numbers missing in both pages and numpages fields in bem2026testmatch
Warning--empty publisher in canonne2022tolerance
Warning--empty address in canonne2022tolerance
Warning--page numbers missing in both pages and numpages fields in canonne2022tolerance
Warning--empty publisher in chledowski2021caching
Warning--empty address in chledowski2021caching
Warning--page numbers missing in both pages and numpages fields in chledowski2021caching
Warning--empty publisher in choo2024imperfect
Warning--empty address in choo2024imperfect
Warning--page numbers missing in both pages and numpages fields in choo2024imperfect
Warning--no number and no volume in cui2026skirental
Warning--page numbers missing in both pages and numpages fields in cui2026skirental
Warning--empty publisher in feldman2009online
Warning--empty address in feldman2009online
Warning--page numbers missing in both pages and numpages fields in feldman2009online
Warning--no number and no volume in hopcroftkarp1973
Warning--page numbers missing in both pages and numpages fields in hopcroftkarp1973
Warning--empty publisher in kvv1990ranking
Warning--empty address in kvv1990ranking
Warning--page numbers missing in both pages and numpages fields in kvv1990ranking
Warning--empty publisher in lykouris2018caching
Warning--empty address in lykouris2018caching
Warning--page numbers missing in both pages and numpages fields in lykouris2018caching
Warning--empty publisher in valiant2011unseen
Warning--empty address in valiant2011unseen
Warning--page numbers missing in both pages and numpages fields in valiant2011unseen
Warning--empty address in wald1947sequential
Warning--empty publisher in weizhang2020tradeoffs
Warning--empty address in weizhang2020tradeoffs
Warning--page numbers missing in both pages and numpages fields in weizhang2020tradeoffs
(There were 42 warnings)
This is pdfTeX, Version 3.141592653-2.6-1.40.27 (TeX Live 2025) (preloaded format=pdflatex)
 restricted \write18 enabled.
entering extended mode
(./talg_main.tex
LaTeX2e <2024-11-01> patch level 2
L3 programming layer <2025-01-18>
(/Users/lizhuolun/Library/texmf/tex/latex/acmart/acmart.cls
Document Class: acmart 2025/08/27 v2.16 Typesetting articles for the Associatio
n for Computing Machinery
(/Users/lizhuolun/Library/texmf/tex/latex/xkeyval/xkeyval.sty
(/Users/lizhuolun/Library/texmf/tex/generic/xkeyval/xkeyval.tex
(/Users/lizhuolun/Library/texmf/tex/generic/xkeyval/xkvutils.tex
(/Users/lizhuolun/Library/texmf/tex/generic/xkeyval/keyval.tex))))
(/Users/lizhuolun/Library/texmf/tex/generic/xstring/xstring.sty
(/Users/lizhuolun/Library/texmf/tex/generic/xstring/xstring.tex))
(/usr/local/texlive/2025basic/texmf-dist/tex/generic/iftex/iftex.sty)
(/usr/local/texlive/2025basic/texmf-dist/tex/latex/amscls/amsart.cls
Document Class: amsart 2020/05/29 v2.20.6
(/usr/local/texlive/2025basic/texmf-dist/tex/latex/amsmath/amsmath.sty
For additional information on amsmath, use the `?' option.
(/usr/local/texlive/2025basic/texmf-dist/tex/latex/amsmath/amstext.sty
(/usr/local/texlive/2025basic/texmf-dist/tex/latex/amsmath/amsgen.sty))
(/usr/local/texlive/2025basic/texmf-dist/tex/latex/amsmath/amsbsy.sty)
(/usr/local/texlive/2025basic/texmf-dist/tex/latex/amsmath/amsopn.sty))
(/usr/local/texlive/2025basic/texmf-dist/tex/latex/amsfonts/umsa.fd)
(/usr/local/texlive/2025basic/texmf-dist/tex/latex/amsfonts/amsfonts.sty))
(/usr/local/texlive/2025basic/texmf-dist/tex/latex/microtype/microtype.sty
(/Users/lizhuolun/Library/texmf/tex/latex/etoolbox/etoolbox.sty)
(/usr/local/texlive/2025basic/texmf-dist/tex/latex/microtype/microtype-pdftex.d
ef) (/usr/local/texlive/2025basic/texmf-dist/tex/latex/microtype/microtype.cfg)
) (/usr/local/texlive/2025basic/texmf-dist/tex/latex/booktabs/booktabs.sty)
(/usr/local/texlive/2025basic/texmf-dist/tex/latex/refcount/refcount.sty
(/usr/local/texlive/2025basic/texmf-dist/tex/generic/ltxcmds/ltxcmds.sty)
(/usr/local/texlive/2025basic/texmf-dist/tex/generic/infwarerr/infwarerr.sty))
(/Users/lizhuolun/Library/texmf/tex/latex/totpages/totpages.sty
(/usr/local/texlive/2025basic/texmf-dist/tex/latex/everyshi/everyshi.sty))
(/Users/lizhuolun/Library/texmf/tex/latex/environ/environ.sty
(/Users/lizhuolun/Library/texmf/tex/latex/trimspaces/trimspaces.sty))
(/Users/lizhuolun/Library/texmf/tex/latex/setspace/setspace.sty)
(/usr/local/texlive/2025basic/texmf-dist/tex/latex/natbib/natbib.sty)
(/usr/local/texlive/2025basic/texmf-dist/tex/latex/hyperref/hyperref.sty
(/usr/local/texlive/2025basic/texmf-dist/tex/latex/kvsetkeys/kvsetkeys.sty)
(/usr/local/texlive/2025basic/texmf-dist/tex/generic/kvdefinekeys/kvdefinekeys.
sty)
(/usr/local/texlive/2025basic/texmf-dist/tex/generic/pdfescape/pdfescape.sty
(/usr/local/texlive/2025basic/texmf-dist/tex/generic/pdftexcmds/pdftexcmds.sty)
) (/usr/local/texlive/2025basic/texmf-dist/tex/latex/hycolor/hycolor.sty)
(/usr/local/texlive/2025basic/texmf-dist/tex/latex/hyperref/nameref.sty
(/usr/local/texlive/2025basic/texmf-dist/tex/generic/gettitlestring/gettitlestr
ing.sty
(/usr/local/texlive/2025basic/texmf-dist/tex/latex/kvoptions/kvoptions.sty)))
(/usr/local/texlive/2025basic/texmf-dist/tex/generic/stringenc/stringenc.sty)
(/usr/local/texlive/2025basic/texmf-dist/tex/latex/hyperref/pd1enc.def)
(/usr/local/texlive/2025basic/texmf-dist/tex/generic/intcalc/intcalc.sty)
(/usr/local/texlive/2025basic/texmf-dist/tex/latex/hyperref/puenc.def)
(/usr/local/texlive/2025basic/texmf-dist/tex/latex/url/url.sty)
(/usr/local/texlive/2025basic/texmf-dist/tex/generic/bitset/bitset.sty
(/usr/local/texlive/2025basic/texmf-dist/tex/generic/bigintcalc/bigintcalc.sty)
) (/usr/local/texlive/2025basic/texmf-dist/tex/latex/base/atbegshi-ltx.sty))
(/usr/local/texlive/2025basic/texmf-dist/tex/latex/hyperref/hpdftex.def
(/usr/local/texlive/2025basic/texmf-dist/tex/latex/base/atveryend-ltx.sty)
(/usr/local/texlive/2025basic/texmf-dist/tex/latex/rerunfilecheck/rerunfilechec
k.sty
(/usr/local/texlive/2025basic/texmf-dist/tex/generic/uniquecounter/uniquecounte
r.sty))) (./hyperxmp.sty)
(/usr/local/texlive/2025basic/texmf-dist/tex/latex/graphics/graphicx.sty
(/usr/local/texlive/2025basic/texmf-dist/tex/latex/graphics/graphics.sty
(/usr/local/texlive/2025basic/texmf-dist/tex/latex/graphics/trig.sty)
(/usr/local/texlive/2025basic/texmf-dist/tex/latex/graphics-cfg/graphics.cfg)
(/usr/local/texlive/2025basic/texmf-dist/tex/latex/graphics-def/pdftex.def)))
(/usr/local/texlive/2025basic/texmf-dist/tex/latex/xcolor/xcolor.sty
(/usr/local/texlive/2025basic/texmf-dist/tex/latex/graphics-cfg/color.cfg)
(/usr/local/texlive/2025basic/texmf-dist/tex/latex/graphics/mathcolor.ltx))
(/usr/local/texlive/2025basic/texmf-dist/tex/latex/geometry/geometry.sty
(/usr/local/texlive/2025basic/texmf-dist/tex/generic/iftex/ifvtex.sty))
(/Users/lizhuolun/Library/texmf/tex/latex/ncctools/manyfoot.sty
(/Users/lizhuolun/Library/texmf/tex/latex/ncctools/nccfoots.sty))
(/usr/local/texlive/2025basic/texmf-dist/tex/generic/pdftex/glyphtounicode.tex)
(/usr/local/texlive/2025basic/texmf-dist/tex/latex/cmap/cmap.sty)
(/usr/local/texlive/2025basic/texmf-dist/tex/latex/base/fontenc.sty<<t1.cmap>>)
 (/Users/lizhuolun/Library/texmf/tex/latex/libertine/libertine.sty
(/usr/local/texlive/2025basic/texmf-dist/tex/generic/iftex/ifxetex.sty)
(/usr/local/texlive/2025basic/texmf-dist/tex/generic/iftex/ifluatex.sty)
(/usr/local/texlive/2025basic/texmf-dist/tex/latex/base/textcomp.sty)
(/usr/local/texlive/2025basic/texmf-dist/tex/latex/base/fontenc.sty)
(/Users/lizhuolun/Library/texmf/tex/latex/fontaxes/fontaxes.sty
(/Users/lizhuolun/Library/texmf/tex/latex/fontaxes/fontaxes-v1.sty))
(/Users/lizhuolun/Library/texmf/tex/latex/libertine/LinLibertine_I.tex))
(/Users/lizhuolun/Library/texmf/tex/latex/inconsolata/zi4.sty
`inconsolata-zi4' v1.12, 2019/05/17 Text macros for Inconsolata (msharpe))
(/Users/lizhuolun/Library/texmf/tex/latex/newtx/newtxmath.sty
`newtxmath' v1.754, 2024/09/22 Math macros based originally on txfonts (msharpe
) (/usr/local/texlive/2025basic/texmf-dist/tex/latex/base/ifthen.sty)
(/usr/local/texlive/2025basic/texmf-dist/tex/latex/oberdiek/centernot.sty)
(/Users/lizhuolun/Library/texmf/tex/generic/kastrup/binhex.tex)
amsthm NOT loaded
) (/usr/local/texlive/2025basic/texmf-dist/tex/latex/caption/caption.sty
(/usr/local/texlive/2025basic/texmf-dist/tex/latex/caption/caption3.sty
(/usr/local/texlive/2025basic/texmf-dist/tex/latex/caption/caption-ams-smf.sto)
)) (/usr/local/texlive/2025basic/texmf-dist/tex/latex/float/float.sty)
(/Users/lizhuolun/Library/texmf/tex/latex/comment/comment.sty
Excluding comment 'comment') Excluding comment 'CCSXML'
(/usr/local/texlive/2025basic/texmf-dist/tex/latex/fancyhdr/fancyhdr.sty)
Special comment 'acks'
(/Users/lizhuolun/Library/texmf/tex/latex/libertine/t1linuxlibertinet-tlf.fd))
(/usr/local/texlive/2025basic/texmf-dist/tex/latex/tools/longtable.sty)
(/usr/local/texlive/2025basic/texmf-dist/tex/latex/tools/array.sty)
(/usr/local/texlive/2025basic/texmf-dist/tex/latex/tools/calc.sty)
Excluding 'CCSXML' comment. Include comment 'screenonly'
Excluding comment 'printonly' Include comment 'anonsuppress'
(/usr/local/texlive/2025basic/texmf-dist/tex/latex/l3backend/l3backend-pdftex.d
ef) (./talg_main.aux)
(/Users/lizhuolun/Library/texmf/tex/latex/newtx/omlnxlmi.fd)
(/Users/lizhuolun/Library/texmf/tex/latex/newtx/untxexa.fd)
(/Users/lizhuolun/Library/texmf/tex/latex/newtx/lmsntxsy.fd)
(/Users/lizhuolun/Library/texmf/tex/latex/newtx/lmxntxexx.fd)
(/Users/lizhuolun/Library/texmf/tex/latex/libertine/ot1linuxlibertinet-tlf.fd)<
<ot1.cmap>> (/usr/local/texlive/2025basic/texmf-dist/tex/latex/amsfonts/umsa.fd
) (/usr/local/texlive/2025basic/texmf-dist/tex/latex/amsfonts/umsb.fd)
(/Users/lizhuolun/Library/texmf/tex/latex/newtx/untxmia.fd)
(/Users/lizhuolun/Library/texmf/tex/latex/newtx/untxsym.fd)
(/Users/lizhuolun/Library/texmf/tex/latex/newtx/untxsyc.fd) (./talg_main.out)
(./talg_main.out)
(/usr/local/texlive/2025basic/texmf-dist/tex/context/base/mkii/supp-pdf.mkii
[Loading MPS to PDF converter (version 2006.09.02).]
)
(/usr/local/texlive/2025basic/texmf-dist/tex/latex/epstopdf-pkg/epstopdf-base.s
ty
(/usr/local/texlive/2025basic/texmf-dist/tex/latex/latexconfig/epstopdf-sys.cfg
))
*geometry* driver: auto-detecting
*geometry* detected driver: pdftex
(/usr/local/texlive/2025basic/texmf-dist/tex/latex/upquote/upquote.sty)
(/usr/local/texlive/2025basic/texmf-dist/tex/latex/caption/ltcaption.sty)
(/Users/lizhuolun/Library/texmf/tex/latex/libertine/t1linuxbiolinumt-tlf.fd)
(/Users/lizhuolun/Library/texmf/tex/latex/libertine/ts1linuxlibertinet-tlf.fd)
(./ch/abstract.tex
(/usr/local/texlive/2025basic/texmf-dist/tex/latex/microtype/mt-msa.cfg)
(/usr/local/texlive/2025basic/texmf-dist/tex/latex/microtype/mt-msb.cfg))
(./ch/00_abstract_intro.tex
[1.1{/Users/lizhuolun/Library/texlive/2025basic/texmf-var/fonts/map/pdftex/updm
ap/pdftex.map}{/Users/lizhuolun/Library/texmf/fonts/enc/dvips/libertine/lbtn_76
gpa5.enc}{/Users/lizhuolun/Library/texmf/fonts/enc/dvips/libertine/lbtn_25tcsq.
enc}{/Users/lizhuolun/Library/texmf/fonts/enc/dvips/libertine/lbtn_7grukw.enc}{
/Users/lizhuolun/Library/texmf/fonts/enc/dvips/libertine/lbtn_nh77jq.enc}{/User
s/lizhuolun/Library/texmf/fonts/enc/dvips/libertine/lbtn_oexx6f.enc}{/Users/liz
huolun/Library/texmf/fonts/enc/dvips/libertine/lbtn_naooyc.enc}]
Underfull \vbox (badness 3690) has occurred while \output is active
[2.2]) (./ch/01_setup.tex
Underfull \vbox (badness 4048) has occurred while \output is active
[3.3]
Underfull \vbox (badness 1231) has occurred while \output is active
[4.4]) (./ch/02_unified_benchmark.tex
[5.5]
Underfull \vbox (badness 10000) has occurred while \output is active
[6.6]
[7.7 <../../results/unified_benchmark_panelA.png> <../../results/unified_benchm
ark_panelB.png> <../../results/unified_benchmark_panelC.png>])
(./ch/03_order_error.tex
(/Users/lizhuolun/Library/texmf/tex/latex/inconsolata/t1zi4.fd)

Class acmart Warning: A possible image without description on input line 43.


Underfull \vbox (badness 2073) has occurred while \output is active
[8.8{/Users/lizhuolun/Library/texmf/fonts/enc/dvips/inconsolata/i4-t1-4.enc}])
(./ch/04_test_and_fallback.tex
[9.9 <../../results/order_vs_theory.png>]

Class acmart Warning: A possible image without description on input line 36.


Class acmart Warning: A possible image without description on input line 58.


[10.10{/Users/lizhuolun/Library/texmf/fonts/enc/dvips/libertine/lbtn_ki75ao.enc
} <../../results/choo_bem_envelope.png>]
Underfull \vbox (badness 1005) has occurred while \output is active
[11.11 <../../results/choo_bem_prefix.png>]

Class acmart Warning: A possible image without description on input line 174.


Class acmart Warning: A possible image without description on input line 193.


Underfull \vbox (badness 10000) has occurred while \output is active
[12.12]
[13.13 <../../results/directional_envelope.png> <../../results/directional_pref
ix.png>]) (./ch/05_external_validity.tex

Class acmart Warning: A possible image without description on input line 24.


[14.14 <../../results/real_predictor.png>]

Class acmart Warning: A possible image without description on input line 59.


[15.15 <../../results/realworld_robustness.png>]) (./ch/06_theory.tex
[16.16]
(/Users/lizhuolun/Library/texmf/tex/latex/libertine/ot1linuxbiolinumt-tlf.fd)
Underfull \vbox (badness 10000) has occurred while \output is active
[17.17{/Users/lizhuolun/Library/texmf/fonts/enc/dvips/libertine/lbtn_edcawa.enc
}]
Overfull \hbox (44.58095pt too wide) in paragraph at lines 177--184
\T1/LinuxLibertineT-TLF/m/n/9 (-20) and for ran-dom het-ero-ge-neous and magnit
ude-mismatched pro-files, \T1/zi4/m/n/9 scripts/verify_budget_stakes_hetero.py\
T1/LinuxLibertineT-TLF/m/n/9 (-20) .) 

Underfull \vbox (badness 10000) has occurred while \output is active
[18.18]
Overfull \hbox (4.94011pt too wide) in paragraph at lines 246--264
\T1/LinuxLibertineT-TLF/m/n/9 (-20) the stakes are con-stant. The het-ero-ge-ne
ous claims are ver-i-fied sep-a-rately (\T1/zi4/m/n/9 scripts/verify_budget_sta
kes_hetero.py\T1/LinuxLibertineT-TLF/m/n/9 (-20) ):

[19.19]

Class acmart Warning: A possible image without description on input line 306.


Class acmart Warning: A possible image without description on input line 335.


[20.20 <../../results/impossibility_frontier.png>])
(./ch/07_serving_related_conclusion.tex
[21.21 <../../results/directional_rsweep.png>]
Underfull \vbox (badness 10000) has occurred while \output is active
[22.22]) (./talg_main.bbl
[23.23])

Class acmart Warning: Some images may lack descriptions.
(acmart)              ACM is committed to complying with the upcoming US ADA ht
tps://accessiblyapp.com/accessibility-compliance/ada/ and European Accessibilit
y Act (EAA) https://accessiblyapp.com/accessibility-compliance/eaa/ regulations
 by actively working to ensure our publications and application services are ac
cessible to individuals with disabilities, adhering to the WCAG guidelines to p
rovide a seamless experience for all users, and regularly reviewing our accessi
bility practices to maintain compliance with evolving standards. 
(acmart)              To this end, we strongly encourage our authors to provide
 alternative text and captions for images and multimedia content. It is also im
portant to optimize color contrast for the visually impaired. Taking these impo
rtant steps when creating your papers will ensure that the widest possible audi
ence can ingest your work..


[24.24] (./talg_main.aux) )
(see the transcript file for additional information)</Users/lizhuolun/Library/t
exmf/fonts/type1/public/inconsolata/Inconsolata-zi4r.pfb></Users/lizhuolun/Libr
ary/texmf/fonts/type1/public/newtx/LibertineMathMI.pfb></Users/lizhuolun/Librar
y/texmf/fonts/type1/public/newtx/LibertineMathMI5.pfb></Users/lizhuolun/Library
/texmf/fonts/type1/public/newtx/LibertineMathMI7.pfb></Users/lizhuolun/Library/
texmf/fonts/type1/public/newtx/LibertineMathRM.pfb></Users/lizhuolun/Library/te
xmf/fonts/type1/public/libertine/LinBiolinumT.pfb></Users/lizhuolun/Library/tex
mf/fonts/type1/public/libertine/LinBiolinumTB.pfb></Users/lizhuolun/Library/tex
mf/fonts/type1/public/libertine/LinBiolinumTBO.pfb></Users/lizhuolun/Library/te
xmf/fonts/type1/public/libertine/LinBiolinumTI.pfb></Users/lizhuolun/Library/te
xmf/fonts/type1/public/libertine/LinLibertineT.pfb></Users/lizhuolun/Library/te
xmf/fonts/type1/public/libertine/LinLibertineTB.pfb></Users/lizhuolun/Library/t
exmf/fonts/type1/public/libertine/LinLibertineTBI.pfb></Users/lizhuolun/Library
/texmf/fonts/type1/public/libertine/LinLibertineTI.pfb></Users/lizhuolun/Librar
y/texmf/fonts/type1/public/newtx/NewTXMI.pfb></Users/lizhuolun/Library/texmf/fo
nts/type1/public/newtx/NewTXMI7.pfb></Users/lizhuolun/Library/texmf/fonts/type1
/public/newtx/txexs.pfb></Users/lizhuolun/Library/texmf/fonts/type1/public/newt
x/txmiaX.pfb></Users/lizhuolun/Library/texmf/fonts/type1/public/newtx/txsym.pfb
></Users/lizhuolun/Library/texmf/fonts/type1/public/newtx/txsys.pfb>
Output written on talg_main.pdf (24 pages, 1576249 bytes).
Transcript written on talg_main.log.
This is pdfTeX, Version 3.141592653-2.6-1.40.27 (TeX Live 2025) (preloaded format=pdflatex)
 restricted \write18 enabled.
entering extended mode
(./talg_main.tex
LaTeX2e <2024-11-01> patch level 2
L3 programming layer <2025-01-18>
(/Users/lizhuolun/Library/texmf/tex/latex/acmart/acmart.cls
Document Class: acmart 2025/08/27 v2.16 Typesetting articles for the Associatio
n for Computing Machinery
(/Users/lizhuolun/Library/texmf/tex/latex/xkeyval/xkeyval.sty
(/Users/lizhuolun/Library/texmf/tex/generic/xkeyval/xkeyval.tex
(/Users/lizhuolun/Library/texmf/tex/generic/xkeyval/xkvutils.tex
(/Users/lizhuolun/Library/texmf/tex/generic/xkeyval/keyval.tex))))
(/Users/lizhuolun/Library/texmf/tex/generic/xstring/xstring.sty
(/Users/lizhuolun/Library/texmf/tex/generic/xstring/xstring.tex))
(/usr/local/texlive/2025basic/texmf-dist/tex/generic/iftex/iftex.sty)
(/usr/local/texlive/2025basic/texmf-dist/tex/latex/amscls/amsart.cls
Document Class: amsart 2020/05/29 v2.20.6
(/usr/local/texlive/2025basic/texmf-dist/tex/latex/amsmath/amsmath.sty
For additional information on amsmath, use the `?' option.
(/usr/local/texlive/2025basic/texmf-dist/tex/latex/amsmath/amstext.sty
(/usr/local/texlive/2025basic/texmf-dist/tex/latex/amsmath/amsgen.sty))
(/usr/local/texlive/2025basic/texmf-dist/tex/latex/amsmath/amsbsy.sty)
(/usr/local/texlive/2025basic/texmf-dist/tex/latex/amsmath/amsopn.sty))
(/usr/local/texlive/2025basic/texmf-dist/tex/latex/amsfonts/umsa.fd)
(/usr/local/texlive/2025basic/texmf-dist/tex/latex/amsfonts/amsfonts.sty))
(/usr/local/texlive/2025basic/texmf-dist/tex/latex/microtype/microtype.sty
(/Users/lizhuolun/Library/texmf/tex/latex/etoolbox/etoolbox.sty)
(/usr/local/texlive/2025basic/texmf-dist/tex/latex/microtype/microtype-pdftex.d
ef) (/usr/local/texlive/2025basic/texmf-dist/tex/latex/microtype/microtype.cfg)
) (/usr/local/texlive/2025basic/texmf-dist/tex/latex/booktabs/booktabs.sty)
(/usr/local/texlive/2025basic/texmf-dist/tex/latex/refcount/refcount.sty
(/usr/local/texlive/2025basic/texmf-dist/tex/generic/ltxcmds/ltxcmds.sty)
(/usr/local/texlive/2025basic/texmf-dist/tex/generic/infwarerr/infwarerr.sty))
(/Users/lizhuolun/Library/texmf/tex/latex/totpages/totpages.sty
(/usr/local/texlive/2025basic/texmf-dist/tex/latex/everyshi/everyshi.sty))
(/Users/lizhuolun/Library/texmf/tex/latex/environ/environ.sty
(/Users/lizhuolun/Library/texmf/tex/latex/trimspaces/trimspaces.sty))
(/Users/lizhuolun/Library/texmf/tex/latex/setspace/setspace.sty)
(/usr/local/texlive/2025basic/texmf-dist/tex/latex/natbib/natbib.sty)
(/usr/local/texlive/2025basic/texmf-dist/tex/latex/hyperref/hyperref.sty
(/usr/local/texlive/2025basic/texmf-dist/tex/latex/kvsetkeys/kvsetkeys.sty)
(/usr/local/texlive/2025basic/texmf-dist/tex/generic/kvdefinekeys/kvdefinekeys.
sty)
(/usr/local/texlive/2025basic/texmf-dist/tex/generic/pdfescape/pdfescape.sty
(/usr/local/texlive/2025basic/texmf-dist/tex/generic/pdftexcmds/pdftexcmds.sty)
) (/usr/local/texlive/2025basic/texmf-dist/tex/latex/hycolor/hycolor.sty)
(/usr/local/texlive/2025basic/texmf-dist/tex/latex/hyperref/nameref.sty
(/usr/local/texlive/2025basic/texmf-dist/tex/generic/gettitlestring/gettitlestr
ing.sty
(/usr/local/texlive/2025basic/texmf-dist/tex/latex/kvoptions/kvoptions.sty)))
(/usr/local/texlive/2025basic/texmf-dist/tex/generic/stringenc/stringenc.sty)
(/usr/local/texlive/2025basic/texmf-dist/tex/latex/hyperref/pd1enc.def)
(/usr/local/texlive/2025basic/texmf-dist/tex/generic/intcalc/intcalc.sty)
(/usr/local/texlive/2025basic/texmf-dist/tex/latex/hyperref/puenc.def)
(/usr/local/texlive/2025basic/texmf-dist/tex/latex/url/url.sty)
(/usr/local/texlive/2025basic/texmf-dist/tex/generic/bitset/bitset.sty
(/usr/local/texlive/2025basic/texmf-dist/tex/generic/bigintcalc/bigintcalc.sty)
) (/usr/local/texlive/2025basic/texmf-dist/tex/latex/base/atbegshi-ltx.sty))
(/usr/local/texlive/2025basic/texmf-dist/tex/latex/hyperref/hpdftex.def
(/usr/local/texlive/2025basic/texmf-dist/tex/latex/base/atveryend-ltx.sty)
(/usr/local/texlive/2025basic/texmf-dist/tex/latex/rerunfilecheck/rerunfilechec
k.sty
(/usr/local/texlive/2025basic/texmf-dist/tex/generic/uniquecounter/uniquecounte
r.sty))) (./hyperxmp.sty)
(/usr/local/texlive/2025basic/texmf-dist/tex/latex/graphics/graphicx.sty
(/usr/local/texlive/2025basic/texmf-dist/tex/latex/graphics/graphics.sty
(/usr/local/texlive/2025basic/texmf-dist/tex/latex/graphics/trig.sty)
(/usr/local/texlive/2025basic/texmf-dist/tex/latex/graphics-cfg/graphics.cfg)
(/usr/local/texlive/2025basic/texmf-dist/tex/latex/graphics-def/pdftex.def)))
(/usr/local/texlive/2025basic/texmf-dist/tex/latex/xcolor/xcolor.sty
(/usr/local/texlive/2025basic/texmf-dist/tex/latex/graphics-cfg/color.cfg)
(/usr/local/texlive/2025basic/texmf-dist/tex/latex/graphics/mathcolor.ltx))
(/usr/local/texlive/2025basic/texmf-dist/tex/latex/geometry/geometry.sty
(/usr/local/texlive/2025basic/texmf-dist/tex/generic/iftex/ifvtex.sty))
(/Users/lizhuolun/Library/texmf/tex/latex/ncctools/manyfoot.sty
(/Users/lizhuolun/Library/texmf/tex/latex/ncctools/nccfoots.sty))
(/usr/local/texlive/2025basic/texmf-dist/tex/generic/pdftex/glyphtounicode.tex)
(/usr/local/texlive/2025basic/texmf-dist/tex/latex/cmap/cmap.sty)
(/usr/local/texlive/2025basic/texmf-dist/tex/latex/base/fontenc.sty<<t1.cmap>>)
 (/Users/lizhuolun/Library/texmf/tex/latex/libertine/libertine.sty
(/usr/local/texlive/2025basic/texmf-dist/tex/generic/iftex/ifxetex.sty)
(/usr/local/texlive/2025basic/texmf-dist/tex/generic/iftex/ifluatex.sty)
(/usr/local/texlive/2025basic/texmf-dist/tex/latex/base/textcomp.sty)
(/usr/local/texlive/2025basic/texmf-dist/tex/latex/base/fontenc.sty)
(/Users/lizhuolun/Library/texmf/tex/latex/fontaxes/fontaxes.sty
(/Users/lizhuolun/Library/texmf/tex/latex/fontaxes/fontaxes-v1.sty))
(/Users/lizhuolun/Library/texmf/tex/latex/libertine/LinLibertine_I.tex))
(/Users/lizhuolun/Library/texmf/tex/latex/inconsolata/zi4.sty
`inconsolata-zi4' v1.12, 2019/05/17 Text macros for Inconsolata (msharpe))
(/Users/lizhuolun/Library/texmf/tex/latex/newtx/newtxmath.sty
`newtxmath' v1.754, 2024/09/22 Math macros based originally on txfonts (msharpe
) (/usr/local/texlive/2025basic/texmf-dist/tex/latex/base/ifthen.sty)
(/usr/local/texlive/2025basic/texmf-dist/tex/latex/oberdiek/centernot.sty)
(/Users/lizhuolun/Library/texmf/tex/generic/kastrup/binhex.tex)
amsthm NOT loaded
) (/usr/local/texlive/2025basic/texmf-dist/tex/latex/caption/caption.sty
(/usr/local/texlive/2025basic/texmf-dist/tex/latex/caption/caption3.sty
(/usr/local/texlive/2025basic/texmf-dist/tex/latex/caption/caption-ams-smf.sto)
)) (/usr/local/texlive/2025basic/texmf-dist/tex/latex/float/float.sty)
(/Users/lizhuolun/Library/texmf/tex/latex/comment/comment.sty
Excluding comment 'comment') Excluding comment 'CCSXML'
(/usr/local/texlive/2025basic/texmf-dist/tex/latex/fancyhdr/fancyhdr.sty)
Special comment 'acks'
(/Users/lizhuolun/Library/texmf/tex/latex/libertine/t1linuxlibertinet-tlf.fd))
(/usr/local/texlive/2025basic/texmf-dist/tex/latex/tools/longtable.sty)
(/usr/local/texlive/2025basic/texmf-dist/tex/latex/tools/array.sty)
(/usr/local/texlive/2025basic/texmf-dist/tex/latex/tools/calc.sty)
Excluding 'CCSXML' comment. Include comment 'screenonly'
Excluding comment 'printonly' Include comment 'anonsuppress'
(/usr/local/texlive/2025basic/texmf-dist/tex/latex/l3backend/l3backend-pdftex.d
ef) (./talg_main.aux)
(/Users/lizhuolun/Library/texmf/tex/latex/newtx/omlnxlmi.fd)
(/Users/lizhuolun/Library/texmf/tex/latex/newtx/untxexa.fd)
(/Users/lizhuolun/Library/texmf/tex/latex/newtx/lmsntxsy.fd)
(/Users/lizhuolun/Library/texmf/tex/latex/newtx/lmxntxexx.fd)
(/Users/lizhuolun/Library/texmf/tex/latex/libertine/ot1linuxlibertinet-tlf.fd)<
<ot1.cmap>> (/usr/local/texlive/2025basic/texmf-dist/tex/latex/amsfonts/umsa.fd
) (/usr/local/texlive/2025basic/texmf-dist/tex/latex/amsfonts/umsb.fd)
(/Users/lizhuolun/Library/texmf/tex/latex/newtx/untxmia.fd)
(/Users/lizhuolun/Library/texmf/tex/latex/newtx/untxsym.fd)
(/Users/lizhuolun/Library/texmf/tex/latex/newtx/untxsyc.fd) (./talg_main.out)
(./talg_main.out)
(/usr/local/texlive/2025basic/texmf-dist/tex/context/base/mkii/supp-pdf.mkii
[Loading MPS to PDF converter (version 2006.09.02).]
)
(/usr/local/texlive/2025basic/texmf-dist/tex/latex/epstopdf-pkg/epstopdf-base.s
ty
(/usr/local/texlive/2025basic/texmf-dist/tex/latex/latexconfig/epstopdf-sys.cfg
))
*geometry* driver: auto-detecting
*geometry* detected driver: pdftex
(/usr/local/texlive/2025basic/texmf-dist/tex/latex/upquote/upquote.sty)
(/usr/local/texlive/2025basic/texmf-dist/tex/latex/caption/ltcaption.sty)
(/Users/lizhuolun/Library/texmf/tex/latex/libertine/t1linuxbiolinumt-tlf.fd)
(/Users/lizhuolun/Library/texmf/tex/latex/libertine/ts1linuxlibertinet-tlf.fd)
(./ch/abstract.tex
(/usr/local/texlive/2025basic/texmf-dist/tex/latex/microtype/mt-msa.cfg)
(/usr/local/texlive/2025basic/texmf-dist/tex/latex/microtype/mt-msb.cfg))
(./ch/00_abstract_intro.tex
[1.1{/Users/lizhuolun/Library/texlive/2025basic/texmf-var/fonts/map/pdftex/updm
ap/pdftex.map}{/Users/lizhuolun/Library/texmf/fonts/enc/dvips/libertine/lbtn_76
gpa5.enc}{/Users/lizhuolun/Library/texmf/fonts/enc/dvips/libertine/lbtn_25tcsq.
enc}{/Users/lizhuolun/Library/texmf/fonts/enc/dvips/libertine/lbtn_7grukw.enc}{
/Users/lizhuolun/Library/texmf/fonts/enc/dvips/libertine/lbtn_nh77jq.enc}{/User
s/lizhuolun/Library/texmf/fonts/enc/dvips/libertine/lbtn_oexx6f.enc}{/Users/liz
huolun/Library/texmf/fonts/enc/dvips/libertine/lbtn_naooyc.enc}]
Underfull \vbox (badness 3690) has occurred while \output is active
[2.2]) (./ch/01_setup.tex
Underfull \vbox (badness 4048) has occurred while \output is active
[3.3]
Underfull \vbox (badness 1231) has occurred while \output is active
[4.4]) (./ch/02_unified_benchmark.tex
[5.5]
Underfull \vbox (badness 10000) has occurred while \output is active
[6.6]
[7.7 <../../results/unified_benchmark_panelA.png> <../../results/unified_benchm
ark_panelB.png> <../../results/unified_benchmark_panelC.png>])
(./ch/03_order_error.tex
(/Users/lizhuolun/Library/texmf/tex/latex/inconsolata/t1zi4.fd)

Class acmart Warning: A possible image without description on input line 43.


Underfull \vbox (badness 2073) has occurred while \output is active
[8.8{/Users/lizhuolun/Library/texmf/fonts/enc/dvips/inconsolata/i4-t1-4.enc}])
(./ch/04_test_and_fallback.tex
[9.9 <../../results/order_vs_theory.png>]

Class acmart Warning: A possible image without description on input line 36.


Class acmart Warning: A possible image without description on input line 58.


[10.10{/Users/lizhuolun/Library/texmf/fonts/enc/dvips/libertine/lbtn_ki75ao.enc
} <../../results/choo_bem_envelope.png>]
Underfull \vbox (badness 1005) has occurred while \output is active
[11.11 <../../results/choo_bem_prefix.png>]

Class acmart Warning: A possible image without description on input line 174.


Class acmart Warning: A possible image without description on input line 193.


Underfull \vbox (badness 10000) has occurred while \output is active
[12.12]
[13.13 <../../results/directional_envelope.png> <../../results/directional_pref
ix.png>]) (./ch/05_external_validity.tex

Class acmart Warning: A possible image without description on input line 24.


[14.14 <../../results/real_predictor.png>]

Class acmart Warning: A possible image without description on input line 59.


[15.15 <../../results/realworld_robustness.png>]) (./ch/06_theory.tex
[16.16]
(/Users/lizhuolun/Library/texmf/tex/latex/libertine/ot1linuxbiolinumt-tlf.fd)
Underfull \vbox (badness 10000) has occurred while \output is active
[17.17{/Users/lizhuolun/Library/texmf/fonts/enc/dvips/libertine/lbtn_edcawa.enc
}]
Overfull \hbox (44.58095pt too wide) in paragraph at lines 177--184
\T1/LinuxLibertineT-TLF/m/n/9 (-20) and for ran-dom het-ero-ge-neous and magnit
ude-mismatched pro-files, \T1/zi4/m/n/9 scripts/verify_budget_stakes_hetero.py\
T1/LinuxLibertineT-TLF/m/n/9 (-20) .) 

Underfull \vbox (badness 10000) has occurred while \output is active
[18.18]
Overfull \hbox (4.94011pt too wide) in paragraph at lines 246--264
\T1/LinuxLibertineT-TLF/m/n/9 (-20) the stakes are con-stant. The het-ero-ge-ne
ous claims are ver-i-fied sep-a-rately (\T1/zi4/m/n/9 scripts/verify_budget_sta
kes_hetero.py\T1/LinuxLibertineT-TLF/m/n/9 (-20) ):

[19.19]

Class acmart Warning: A possible image without description on input line 306.


Class acmart Warning: A possible image without description on input line 335.


[20.20 <../../results/impossibility_frontier.png>])
(./ch/07_serving_related_conclusion.tex
[21.21 <../../results/directional_rsweep.png>]
Underfull \vbox (badness 10000) has occurred while \output is active
[22.22]) (./talg_main.bbl
[23.23])

Class acmart Warning: Some images may lack descriptions.
(acmart)              ACM is committed to complying with the upcoming US ADA ht
tps://accessiblyapp.com/accessibility-compliance/ada/ and European Accessibilit
y Act (EAA) https://accessiblyapp.com/accessibility-compliance/eaa/ regulations
 by actively working to ensure our publications and application services are ac
cessible to individuals with disabilities, adhering to the WCAG guidelines to p
rovide a seamless experience for all users, and regularly reviewing our accessi
bility practices to maintain compliance with evolving standards. 
(acmart)              To this end, we strongly encourage our authors to provide
 alternative text and captions for images and multimedia content. It is also im
portant to optimize color contrast for the visually impaired. Taking these impo
rtant steps when creating your papers will ensure that the widest possible audi
ence can ingest your work..


[24.24] (./talg_main.aux) )
(see the transcript file for additional information)</Users/lizhuolun/Library/t
exmf/fonts/type1/public/inconsolata/Inconsolata-zi4r.pfb></Users/lizhuolun/Libr
ary/texmf/fonts/type1/public/newtx/LibertineMathMI.pfb></Users/lizhuolun/Librar
y/texmf/fonts/type1/public/newtx/LibertineMathMI5.pfb></Users/lizhuolun/Library
/texmf/fonts/type1/public/newtx/LibertineMathMI7.pfb></Users/lizhuolun/Library/
texmf/fonts/type1/public/newtx/LibertineMathRM.pfb></Users/lizhuolun/Library/te
xmf/fonts/type1/public/libertine/LinBiolinumT.pfb></Users/lizhuolun/Library/tex
mf/fonts/type1/public/libertine/LinBiolinumTB.pfb></Users/lizhuolun/Library/tex
mf/fonts/type1/public/libertine/LinBiolinumTBO.pfb></Users/lizhuolun/Library/te
xmf/fonts/type1/public/libertine/LinBiolinumTI.pfb></Users/lizhuolun/Library/te
xmf/fonts/type1/public/libertine/LinLibertineT.pfb></Users/lizhuolun/Library/te
xmf/fonts/type1/public/libertine/LinLibertineTB.pfb></Users/lizhuolun/Library/t
exmf/fonts/type1/public/libertine/LinLibertineTBI.pfb></Users/lizhuolun/Library
/texmf/fonts/type1/public/libertine/LinLibertineTI.pfb></Users/lizhuolun/Librar
y/texmf/fonts/type1/public/newtx/NewTXMI.pfb></Users/lizhuolun/Library/texmf/fo
nts/type1/public/newtx/NewTXMI7.pfb></Users/lizhuolun/Library/texmf/fonts/type1
/public/newtx/txexs.pfb></Users/lizhuolun/Library/texmf/fonts/type1/public/newt
x/txmiaX.pfb></Users/lizhuolun/Library/texmf/fonts/type1/public/newtx/txsym.pfb
></Users/lizhuolun/Library/texmf/fonts/type1/public/newtx/txsys.pfb>
Output written on talg_main.pdf (24 pages, 1576249 bytes).
Transcript written on talg_main.log.
