This is XeTeX, Version 3.141592653-2.6-0.999997 (TeX Live 2025) (preloaded format=xelatex)
 restricted \write18 enabled.
entering extended mode
(./review_main.tex
LaTeX2e <2024-11-01> patch level 2
L3 programming layer <2025-01-18>
(/usr/local/texlive/2025basic/texmf-dist/tex/latex/ctex/ctexrep.cls
(/usr/local/texlive/2025basic/texmf-dist/tex/latex/ctex/config/ctexbackend.cfg)
 (/usr/local/texlive/2025basic/texmf-dist/tex/latex/l3kernel/expl3.sty
(/usr/local/texlive/2025basic/texmf-dist/tex/latex/l3backend/l3backend-xetex.de
f))
Document Class: ctexrep 2022/07/14 v2.5.10 Chinese adapter for class report (CT
EX)
(/usr/local/texlive/2025basic/texmf-dist/tex/latex/ctex/ctexhook.sty)
(/usr/local/texlive/2025basic/texmf-dist/tex/latex/ctex/ctexpatch.sty)
(/usr/local/texlive/2025basic/texmf-dist/tex/latex/base/fix-cm.sty
(/usr/local/texlive/2025basic/texmf-dist/tex/latex/base/ts1enc.def))
(/usr/local/texlive/2025basic/texmf-dist/tex/latex/ctex/config/ctexopts.cfg)
(/usr/local/texlive/2025basic/texmf-dist/tex/latex/base/report.cls
Document Class: report 2024/06/29 v1.4n Standard LaTeX document class
(/usr/local/texlive/2025basic/texmf-dist/tex/latex/base/size10.clo))
(/usr/local/texlive/2025basic/texmf-dist/tex/latex/ctex/engine/ctex-engine-xete
x.def (/usr/local/texlive/2025basic/texmf-dist/tex/xelatex/xecjk/xeCJK.sty
(/usr/local/texlive/2025basic/texmf-dist/tex/latex/l3packages/xtemplate/xtempla
te.sty)
(/usr/local/texlive/2025basic/texmf-dist/tex/latex/fontspec/fontspec.sty
(/usr/local/texlive/2025basic/texmf-dist/tex/latex/l3packages/xparse/xparse.sty
)
(/usr/local/texlive/2025basic/texmf-dist/tex/latex/fontspec/fontspec-xetex.sty
(/usr/local/texlive/2025basic/texmf-dist/tex/latex/base/fontenc.sty)
(/usr/local/texlive/2025basic/texmf-dist/tex/latex/fontspec/fontspec.cfg)))
(/usr/local/texlive/2025basic/texmf-dist/tex/xelatex/xecjk/xeCJK.cfg)))
(/usr/local/texlive/2025basic/texmf-dist/tex/latex/zhnumber/zhnumber.sty
(/usr/local/texlive/2025basic/texmf-dist/tex/latex/zhnumber/zhnumber-utf8.cfg))

(/usr/local/texlive/2025basic/texmf-dist/tex/latex/ctex/scheme/ctex-scheme-chin
ese-report.def
(/usr/local/texlive/2025basic/texmf-dist/tex/latex/ctex/config/ctex-name-utf8.c
fg))
(/usr/local/texlive/2025basic/texmf-dist/tex/latex/ctex/fontset/ctex-fontset-ma
cnew.def))
(/usr/local/texlive/2025basic/texmf-dist/tex/latex/ctex/config/ctex.cfg)
(/usr/local/texlive/2025basic/texmf-dist/tex/latex/geometry/geometry.sty
(/usr/local/texlive/2025basic/texmf-dist/tex/latex/graphics/keyval.sty)
(/usr/local/texlive/2025basic/texmf-dist/tex/generic/iftex/ifvtex.sty
(/usr/local/texlive/2025basic/texmf-dist/tex/generic/iftex/iftex.sty)))
(/usr/local/texlive/2025basic/texmf-dist/tex/latex/xcolor/xcolor.sty
(/usr/local/texlive/2025basic/texmf-dist/tex/latex/graphics-cfg/color.cfg)
(/usr/local/texlive/2025basic/texmf-dist/tex/latex/graphics-def/xetex.def)
(/usr/local/texlive/2025basic/texmf-dist/tex/latex/graphics/mathcolor.ltx))
(/usr/local/texlive/2025basic/texmf-dist/tex/latex/graphics/graphicx.sty
(/usr/local/texlive/2025basic/texmf-dist/tex/latex/graphics/graphics.sty
(/usr/local/texlive/2025basic/texmf-dist/tex/latex/graphics/trig.sty)
(/usr/local/texlive/2025basic/texmf-dist/tex/latex/graphics-cfg/graphics.cfg)))
 (/usr/local/texlive/2025basic/texmf-dist/tex/latex/amsmath/amsmath.sty
For additional information on amsmath, use the `?' option.
(/usr/local/texlive/2025basic/texmf-dist/tex/latex/amsmath/amstext.sty
(/usr/local/texlive/2025basic/texmf-dist/tex/latex/amsmath/amsgen.sty))
(/usr/local/texlive/2025basic/texmf-dist/tex/latex/amsmath/amsbsy.sty)
(/usr/local/texlive/2025basic/texmf-dist/tex/latex/amsmath/amsopn.sty))
(/usr/local/texlive/2025basic/texmf-dist/tex/latex/amsfonts/amssymb.sty
(/usr/local/texlive/2025basic/texmf-dist/tex/latex/amsfonts/amsfonts.sty))
(/Users/lizhuolun/Library/texmf/tex/generic/soul/soul.sty
(/Users/lizhuolun/Library/texmf/tex/generic/soul/soul-ori.sty)
(/usr/local/texlive/2025basic/texmf-dist/tex/generic/infwarerr/infwarerr.sty)
(/usr/local/texlive/2025basic/texmf-dist/tex/generic/etexcmds/etexcmds.sty))
(./review_main.aux)
*geometry* driver: auto-detecting
*geometry* detected driver: xetex
(./body.tex
[1] (/usr/local/texlive/2025basic/texmf-dist/tex/latex/amsfonts/umsa.fd)
(/usr/local/texlive/2025basic/texmf-dist/tex/latex/amsfonts/umsb.fd)
[2]
[3]
Underfull \hbox (badness 1221) in paragraph at lines 194--194
\TU/lmr/bx/n/9 rithms actually compare\TU/lmr/m/n/9 , head to head, under a sin
gle

[4]
Underfull \hbox (badness 2142) in paragraph at lines 248--248
[]\TU/SongtiSCLight(0)/b/n/8 建 议 \TU/SongtiSCLight(0)/m/n/8 保 持 原 样。|  同 样 的 写 
法 建 议 复 制 到 第 \TU/lmr/m/n/8 6 \TU/SongtiSCLight(0)/m/n/8 章

[5]
[6]
[7]
[8]
[9]
[10]
[11]
[12]
[13]
[14]
[15])
[16] (./review_main.aux) )
(see the transcript file for additional information)
Output written on review_main.pdf (16 pages).
Transcript written on review_main.log.
This is XeTeX, Version 3.141592653-2.6-0.999997 (TeX Live 2025) (preloaded format=xelatex)
 restricted \write18 enabled.
entering extended mode
(./review_main.tex
LaTeX2e <2024-11-01> patch level 2
L3 programming layer <2025-01-18>
(/usr/local/texlive/2025basic/texmf-dist/tex/latex/ctex/ctexrep.cls
(/usr/local/texlive/2025basic/texmf-dist/tex/latex/ctex/config/ctexbackend.cfg)
 (/usr/local/texlive/2025basic/texmf-dist/tex/latex/l3kernel/expl3.sty
(/usr/local/texlive/2025basic/texmf-dist/tex/latex/l3backend/l3backend-xetex.de
f))
Document Class: ctexrep 2022/07/14 v2.5.10 Chinese adapter for class report (CT
EX)
(/usr/local/texlive/2025basic/texmf-dist/tex/latex/ctex/ctexhook.sty)
(/usr/local/texlive/2025basic/texmf-dist/tex/latex/ctex/ctexpatch.sty)
(/usr/local/texlive/2025basic/texmf-dist/tex/latex/base/fix-cm.sty
(/usr/local/texlive/2025basic/texmf-dist/tex/latex/base/ts1enc.def))
(/usr/local/texlive/2025basic/texmf-dist/tex/latex/ctex/config/ctexopts.cfg)
(/usr/local/texlive/2025basic/texmf-dist/tex/latex/base/report.cls
Document Class: report 2024/06/29 v1.4n Standard LaTeX document class
(/usr/local/texlive/2025basic/texmf-dist/tex/latex/base/size10.clo))
(/usr/local/texlive/2025basic/texmf-dist/tex/latex/ctex/engine/ctex-engine-xete
x.def (/usr/local/texlive/2025basic/texmf-dist/tex/xelatex/xecjk/xeCJK.sty
(/usr/local/texlive/2025basic/texmf-dist/tex/latex/l3packages/xtemplate/xtempla
te.sty)
(/usr/local/texlive/2025basic/texmf-dist/tex/latex/fontspec/fontspec.sty
(/usr/local/texlive/2025basic/texmf-dist/tex/latex/l3packages/xparse/xparse.sty
)
(/usr/local/texlive/2025basic/texmf-dist/tex/latex/fontspec/fontspec-xetex.sty
(/usr/local/texlive/2025basic/texmf-dist/tex/latex/base/fontenc.sty)
(/usr/local/texlive/2025basic/texmf-dist/tex/latex/fontspec/fontspec.cfg)))
(/usr/local/texlive/2025basic/texmf-dist/tex/xelatex/xecjk/xeCJK.cfg)))
(/usr/local/texlive/2025basic/texmf-dist/tex/latex/zhnumber/zhnumber.sty
(/usr/local/texlive/2025basic/texmf-dist/tex/latex/zhnumber/zhnumber-utf8.cfg))

(/usr/local/texlive/2025basic/texmf-dist/tex/latex/ctex/scheme/ctex-scheme-chin
ese-report.def
(/usr/local/texlive/2025basic/texmf-dist/tex/latex/ctex/config/ctex-name-utf8.c
fg))
(/usr/local/texlive/2025basic/texmf-dist/tex/latex/ctex/fontset/ctex-fontset-ma
cnew.def))
(/usr/local/texlive/2025basic/texmf-dist/tex/latex/ctex/config/ctex.cfg)
(/usr/local/texlive/2025basic/texmf-dist/tex/latex/geometry/geometry.sty
(/usr/local/texlive/2025basic/texmf-dist/tex/latex/graphics/keyval.sty)
(/usr/local/texlive/2025basic/texmf-dist/tex/generic/iftex/ifvtex.sty
(/usr/local/texlive/2025basic/texmf-dist/tex/generic/iftex/iftex.sty)))
(/usr/local/texlive/2025basic/texmf-dist/tex/latex/xcolor/xcolor.sty
(/usr/local/texlive/2025basic/texmf-dist/tex/latex/graphics-cfg/color.cfg)
(/usr/local/texlive/2025basic/texmf-dist/tex/latex/graphics-def/xetex.def)
(/usr/local/texlive/2025basic/texmf-dist/tex/latex/graphics/mathcolor.ltx))
(/usr/local/texlive/2025basic/texmf-dist/tex/latex/graphics/graphicx.sty
(/usr/local/texlive/2025basic/texmf-dist/tex/latex/graphics/graphics.sty
(/usr/local/texlive/2025basic/texmf-dist/tex/latex/graphics/trig.sty)
(/usr/local/texlive/2025basic/texmf-dist/tex/latex/graphics-cfg/graphics.cfg)))
 (/usr/local/texlive/2025basic/texmf-dist/tex/latex/amsmath/amsmath.sty
For additional information on amsmath, use the `?' option.
(/usr/local/texlive/2025basic/texmf-dist/tex/latex/amsmath/amstext.sty
(/usr/local/texlive/2025basic/texmf-dist/tex/latex/amsmath/amsgen.sty))
(/usr/local/texlive/2025basic/texmf-dist/tex/latex/amsmath/amsbsy.sty)
(/usr/local/texlive/2025basic/texmf-dist/tex/latex/amsmath/amsopn.sty))
(/usr/local/texlive/2025basic/texmf-dist/tex/latex/amsfonts/amssymb.sty
(/usr/local/texlive/2025basic/texmf-dist/tex/latex/amsfonts/amsfonts.sty))
(/Users/lizhuolun/Library/texmf/tex/generic/soul/soul.sty
(/Users/lizhuolun/Library/texmf/tex/generic/soul/soul-ori.sty)
(/usr/local/texlive/2025basic/texmf-dist/tex/generic/infwarerr/infwarerr.sty)
(/usr/local/texlive/2025basic/texmf-dist/tex/generic/etexcmds/etexcmds.sty))
(./review_main.aux)
*geometry* driver: auto-detecting
*geometry* detected driver: xetex
(./body.tex
[1] (/usr/local/texlive/2025basic/texmf-dist/tex/latex/amsfonts/umsa.fd)
(/usr/local/texlive/2025basic/texmf-dist/tex/latex/amsfonts/umsb.fd)
[2]
[3]
Underfull \hbox (badness 1221) in paragraph at lines 194--194
\TU/lmr/bx/n/9 rithms actually compare\TU/lmr/m/n/9 , head to head, under a sin
gle

[4]
Underfull \hbox (badness 2142) in paragraph at lines 248--248
[]\TU/SongtiSCLight(0)/b/n/8 建 议 \TU/SongtiSCLight(0)/m/n/8 保 持 原 样。|  同 样 的 写 
法 建 议 复 制 到 第 \TU/lmr/m/n/8 6 \TU/SongtiSCLight(0)/m/n/8 章

[5]
[6]
[7]
[8]
[9]
[10]
[11]
[12]
[13]
[14]
[15])
[16] (./review_main.aux) )
(see the transcript file for additional information)
Output written on review_main.pdf (16 pages).
Transcript written on review_main.log.
