This is pdfTeX, Version 3.141592653-2.6-1.40.27 (TeX Live 2025) (preloaded format=pdflatex)
 restricted \write18 enabled.
entering extended mode
(./itcs_main.tex
LaTeX2e <2024-11-01> patch level 2
L3 programming layer <2025-01-18>
(./lipics-v2021.cls
Document Class: lipics-v2021 2023/05/12 v3.1.3 LIPIcs articles
(/usr/local/texlive/2025basic/texmf-dist/tex/latex/base/article.cls
Document Class: article 2024/06/29 v1.4n Standard LaTeX document class
(/usr/local/texlive/2025basic/texmf-dist/tex/latex/base/fleqn.clo)
(/usr/local/texlive/2025basic/texmf-dist/tex/latex/base/size10.clo))
(/usr/local/texlive/2025basic/texmf-dist/tex/latex/microtype/microtype.sty
(/usr/local/texlive/2025basic/texmf-dist/tex/latex/graphics/keyval.sty)
(/Users/lizhuolun/Library/texmf/tex/latex/etoolbox/etoolbox.sty)
(/usr/local/texlive/2025basic/texmf-dist/tex/latex/microtype/microtype-pdftex.d
ef) (/usr/local/texlive/2025basic/texmf-dist/tex/latex/microtype/microtype.cfg)
) (/usr/local/texlive/2025basic/texmf-dist/tex/latex/base/inputenc.sty)
(/usr/local/texlive/2025basic/texmf-dist/tex/latex/lm/lmodern.sty)

Class Package fontawesome5 not installed Warning: Please install package fontaw
esome5 on input line 535.

(/usr/local/texlive/2025basic/texmf-dist/tex/latex/base/fontenc.sty
(/usr/local/texlive/2025basic/texmf-dist/tex/latex/lm/t1lmr.fd))
(/usr/local/texlive/2025basic/texmf-dist/tex/latex/base/textcomp.sty)
(/usr/local/texlive/2025basic/texmf-dist/tex/latex/amsfonts/eucal.sty)
(/usr/local/texlive/2025basic/texmf-dist/tex/latex/amsfonts/amssymb.sty
(/usr/local/texlive/2025basic/texmf-dist/tex/latex/amsfonts/amsfonts.sty))
(/Users/lizhuolun/Library/texmf/tex/generic/soul/soul.sty
(/Users/lizhuolun/Library/texmf/tex/generic/soul/soul-ori.sty)
(/usr/local/texlive/2025basic/texmf-dist/tex/generic/infwarerr/infwarerr.sty)
(/usr/local/texlive/2025basic/texmf-dist/tex/generic/etexcmds/etexcmds.sty
(/usr/local/texlive/2025basic/texmf-dist/tex/generic/iftex/iftex.sty)))
(/usr/local/texlive/2025basic/texmf-dist/tex/latex/graphics/color.sty
(/usr/local/texlive/2025basic/texmf-dist/tex/latex/graphics-cfg/color.cfg)
(/usr/local/texlive/2025basic/texmf-dist/tex/latex/graphics-def/pdftex.def)
(/usr/local/texlive/2025basic/texmf-dist/tex/latex/graphics/mathcolor.ltx))
(/usr/local/texlive/2025basic/texmf-dist/tex/generic/babel/babel.sty
(/usr/local/texlive/2025basic/texmf-dist/tex/generic/babel/txtbabel.def)
(/usr/local/texlive/2025basic/texmf-dist/tex/generic/babel-english/USenglish.ld
f
(/usr/local/texlive/2025basic/texmf-dist/tex/generic/babel-english/english.ldf)
))
(/usr/local/texlive/2025basic/texmf-dist/tex/generic/babel/locale/en/babel-usen
glish.tex)
(/usr/local/texlive/2025basic/texmf-dist/tex/latex/amsmath/amsmath.sty
For additional information on amsmath, use the `?' option.
(/usr/local/texlive/2025basic/texmf-dist/tex/latex/amsmath/amstext.sty
(/usr/local/texlive/2025basic/texmf-dist/tex/latex/amsmath/amsgen.sty))
(/usr/local/texlive/2025basic/texmf-dist/tex/latex/amsmath/amsbsy.sty)
(/usr/local/texlive/2025basic/texmf-dist/tex/latex/amsmath/amsopn.sty))
(/usr/local/texlive/2025basic/texmf-dist/tex/latex/tools/enumerate.sty)
(/usr/local/texlive/2025basic/texmf-dist/tex/latex/graphics/graphicx.sty
(/usr/local/texlive/2025basic/texmf-dist/tex/latex/graphics/graphics.sty
(/usr/local/texlive/2025basic/texmf-dist/tex/latex/graphics/trig.sty)
(/usr/local/texlive/2025basic/texmf-dist/tex/latex/graphics-cfg/graphics.cfg)))
 (/usr/local/texlive/2025basic/texmf-dist/tex/latex/tools/array.sty)
(/Users/lizhuolun/Library/texmf/tex/latex/multirow/multirow.sty)
(/usr/local/texlive/2025basic/texmf-dist/tex/latex/tools/tabularx.sty)
(/Users/lizhuolun/Library/texmf/tex/latex/threeparttable/threeparttable.sty)
(/usr/local/texlive/2025basic/texmf-dist/tex/latex/listings/listings.sty
(/usr/local/texlive/2025basic/texmf-dist/tex/latex/listings/lstpatch.sty)
(/usr/local/texlive/2025basic/texmf-dist/tex/latex/listings/lstmisc.sty)
(/usr/local/texlive/2025basic/texmf-dist/tex/latex/listings/listings.cfg))
(/usr/local/texlive/2025basic/texmf-dist/tex/latex/lineno/lineno.sty
(/usr/local/texlive/2025basic/texmf-dist/tex/latex/kvoptions/kvoptions.sty
(/usr/local/texlive/2025basic/texmf-dist/tex/generic/ltxcmds/ltxcmds.sty)
(/usr/local/texlive/2025basic/texmf-dist/tex/latex/kvsetkeys/kvsetkeys.sty)))
(/usr/local/texlive/2025basic/texmf-dist/tex/latex/hyperref/hyperref.sty
(/usr/local/texlive/2025basic/texmf-dist/tex/generic/kvdefinekeys/kvdefinekeys.
sty)
(/usr/local/texlive/2025basic/texmf-dist/tex/generic/pdfescape/pdfescape.sty
(/usr/local/texlive/2025basic/texmf-dist/tex/generic/pdftexcmds/pdftexcmds.sty)
) (/usr/local/texlive/2025basic/texmf-dist/tex/latex/hycolor/hycolor.sty)
(/usr/local/texlive/2025basic/texmf-dist/tex/latex/hyperref/nameref.sty
(/usr/local/texlive/2025basic/texmf-dist/tex/latex/refcount/refcount.sty)
(/usr/local/texlive/2025basic/texmf-dist/tex/generic/gettitlestring/gettitlestr
ing.sty))
(/usr/local/texlive/2025basic/texmf-dist/tex/generic/stringenc/stringenc.sty)
(/usr/local/texlive/2025basic/texmf-dist/tex/latex/hyperref/pd1enc.def)
(/usr/local/texlive/2025basic/texmf-dist/tex/generic/intcalc/intcalc.sty)
(/usr/local/texlive/2025basic/texmf-dist/tex/latex/hyperref/puenc.def)
(/usr/local/texlive/2025basic/texmf-dist/tex/latex/url/url.sty)
(/usr/local/texlive/2025basic/texmf-dist/tex/generic/bitset/bitset.sty
(/usr/local/texlive/2025basic/texmf-dist/tex/generic/bigintcalc/bigintcalc.sty)
) (/usr/local/texlive/2025basic/texmf-dist/tex/latex/base/atbegshi-ltx.sty))
(/usr/local/texlive/2025basic/texmf-dist/tex/latex/hyperref/hpdftex.def
(/usr/local/texlive/2025basic/texmf-dist/tex/latex/base/atveryend-ltx.sty)
(/usr/local/texlive/2025basic/texmf-dist/tex/latex/rerunfilecheck/rerunfilechec
k.sty
(/usr/local/texlive/2025basic/texmf-dist/tex/generic/uniquecounter/uniquecounte
r.sty))) (/Users/lizhuolun/Library/texmf/tex/latex/totpages/totpages.sty
(/usr/local/texlive/2025basic/texmf-dist/tex/latex/everyshi/everyshi.sty))
(/usr/local/texlive/2025basic/texmf-dist/tex/latex/caption/caption.sty
(/usr/local/texlive/2025basic/texmf-dist/tex/latex/caption/caption3.sty))
(/usr/local/texlive/2025basic/texmf-dist/tex/latex/graphics/rotating.sty
(/usr/local/texlive/2025basic/texmf-dist/tex/latex/base/ifthen.sty))
(/usr/local/texlive/2025basic/texmf-dist/tex/latex/caption/subcaption.sty)
(/Users/lizhuolun/Library/texmf/tex/generic/xstring/xstring.sty
(/Users/lizhuolun/Library/texmf/tex/generic/xstring/xstring.tex))
(/Users/lizhuolun/Library/texmf/tex/latex/comment/comment.sty
Excluding comment 'comment') Excluding comment 'CCSXML'
(/usr/local/texlive/2025basic/texmf-dist/tex/latex/amscls/amsthm.sty))
(/usr/local/texlive/2025basic/texmf-dist/tex/latex/tools/longtable.sty)
(/usr/local/texlive/2025basic/texmf-dist/tex/latex/booktabs/booktabs.sty)
(/usr/local/texlive/2025basic/texmf-dist/tex/latex/tools/calc.sty)
(/usr/local/texlive/2025basic/texmf-dist/tex/latex/l3backend/l3backend-pdftex.d
ef) (./itcs_main.aux)
(/usr/local/texlive/2025basic/texmf-dist/tex/latex/microtype/mt-cmr.cfg)
(/usr/local/texlive/2025basic/texmf-dist/tex/latex/xcolor/xcolor.sty
(/usr/local/texlive/2025basic/texmf-dist/tex/latex/graphics-cfg/color.cfg)
(/usr/local/texlive/2025basic/texmf-dist/tex/latex/graphics/mathcolor.ltx))
(/usr/local/texlive/2025basic/texmf-dist/tex/context/base/mkii/supp-pdf.mkii
[Loading MPS to PDF converter (version 2006.09.02).]
)
(/usr/local/texlive/2025basic/texmf-dist/tex/latex/epstopdf-pkg/epstopdf-base.s
ty
(/usr/local/texlive/2025basic/texmf-dist/tex/latex/latexconfig/epstopdf-sys.cfg
)) (./itcs_main.out) (./itcs_main.out)
(/usr/local/texlive/2025basic/texmf-dist/tex/latex/caption/ltcaption.sty)
(/usr/local/texlive/2025basic/texmf-dist/tex/latex/lm/t1lmss.fd)
(/usr/local/texlive/2025basic/texmf-dist/tex/latex/lm/ot1lmr.fd)
(/usr/local/texlive/2025basic/texmf-dist/tex/latex/lm/omllmm.fd)
(/usr/local/texlive/2025basic/texmf-dist/tex/latex/lm/omslmsy.fd)
(/usr/local/texlive/2025basic/texmf-dist/tex/latex/lm/omxlmex.fd)
(/usr/local/texlive/2025basic/texmf-dist/tex/latex/amsfonts/umsa.fd)
(/usr/local/texlive/2025basic/texmf-dist/tex/latex/microtype/mt-msa.cfg)
(/usr/local/texlive/2025basic/texmf-dist/tex/latex/amsfonts/umsb.fd)
(/usr/local/texlive/2025basic/texmf-dist/tex/latex/microtype/mt-msb.cfg)
(./ch/abstract.tex) (./ch/00_abstract_intro.tex

LaTeX Warning: Citation `kvv1990ranking' on page 1 undefined on input line 9.


LaTeX Warning: Citation `feldman2009online' on page 1 undefined on input line 1
1.


LaTeX Warning: Citation `jailletlu2014online' on page 1 undefined on input line
 11.


LaTeX Warning: Citation `lykouris2018caching' on page 1 undefined on input line
 19.


LaTeX Warning: Citation `weizhang2020tradeoffs' on page 1 undefined on input li
ne 19.


LaTeX Warning: Citation `aci2022mpd' on page 1 undefined on input line 21.


LaTeX Warning: Citation `choo2024imperfect' on page 1 undefined on input line 2
5.


LaTeX Warning: Citation `bem2026testmatch' on page 1 undefined on input line 26
.


(/usr/local/texlive/2025basic/texmf-dist/tex/latex/lm/ts1lmr.fd) [1.1{/Users/li
zhuolun/Library/texlive/2025basic/texmf-var/fonts/map/pdftex/updmap/pdftex.map}
{/usr/local/texlive/2025basic/texmf-dist/fonts/enc/dvips/lm/lm-ec.enc}{/usr/loc
al/texlive/2025basic/texmf-dist/fonts/enc/dvips/lm/lm-rm.enc}{/usr/local/texliv
e/2025basic/texmf-dist/fonts/enc/dvips/lm/lm-mathit.enc}{/usr/local/texlive/202
5basic/texmf-dist/fonts/enc/dvips/lm/lm-mathsy.enc}{/usr/local/texlive/2025basi
c/texmf-dist/fonts/enc/dvips/lm/lm-mathex.enc}{/usr/local/texlive/2025basic/tex
mf-dist/fonts/enc/dvips/lm/lm-ts1.enc} <./lipics-logo-bw.pdf> <./cc-by.pdf>]

LaTeX Warning: Citation `chledowski2021caching' on page 2 undefined on input li
ne 47.


LaTeX Warning: Citation `canonne2022tolerance' on page 2 undefined on input lin
e 98.


[2.2]) (./ch/01_setup.tex
[3.3]

LaTeX Warning: Citation `hopcroftkarp1973' on page 4 undefined on input line 23
.


LaTeX Warning: Citation `kvv1990ranking' on page 4 undefined on input line 26.


LaTeX Warning: Citation `kvv1990ranking' on page 4 undefined on input line 43.


LaTeX Warning: Citation `feldman2009online' on page 4 undefined on input line 4
6.


LaTeX Warning: Citation `jailletlu2014online' on page 4 undefined on input line
 47.


LaTeX Warning: Citation `aci2022mpd' on page 4 undefined on input line 53.


LaTeX Warning: Citation `choo2024imperfect' on page 4 undefined on input line 7
0.


LaTeX Warning: Citation `bem2026testmatch' on page 4 undefined on input line 70
.


LaTeX Warning: Citation `jiao2018l1' on page 4 undefined on input line 78.


LaTeX Warning: Citation `chledowski2021caching' on page 4 undefined on input li
ne 85.


[4.4]

LaTeX Warning: Citation `borodin2018experimental' on page 5 undefined on input 
line 140.

) (./ch/02_unified_benchmark.tex
[5.5]
Overfull \hbox (6.9881pt too wide) in paragraph at lines 66--66
[]|\T1/lmr/m/n/9 (-20) Feldman(MPD)|  

Overfull \hbox (8.1359pt too wide) in paragraph at lines 67--67
[]|\T1/lmr/m/n/9 (-20) JailletLu(MPD)|  

Overfull \hbox (5.90585pt too wide) in paragraph at lines 73--73
[]|\T1/lmr/m/n/9 (-20) Feldman(MPD) 

[6.6]) (./ch/03_order_error.tex
[7.7 <../../../results/unified_benchmark.png>]
(/usr/local/texlive/2025basic/texmf-dist/tex/latex/lm/t1lmtt.fd)
[8.8 <../../../results/order_vs_theory.png>]) (./ch/04_test_and_fallback.tex
[9.9]
[10.10 <../../../results/choo_bem_envelope.png>])
(./ch/05_external_validity.tex
[11.11 <../../../results/choo_bem_prefix.png>]
[12.12 <../../../results/real_predictor.png>]
[13.13 <../../../results/realworld_robustness.png>]) (./ch/06_theory.tex

LaTeX Warning: Citation `canonne2022tolerance' on page 14 undefined on input li
ne 26.


LaTeX Warning: Citation `valiant2011unseen' on page 14 undefined on input line 
26.


LaTeX Warning: Citation `jiao2018l1' on page 14 undefined on input line 26.


LaTeX Warning: Citation `choo2024imperfect' on page 14 undefined on input line 
30.


LaTeX Warning: Citation `bem2026testmatch' on page 14 undefined on input line 3
0.


LaTeX Warning: Citation `choo2024imperfect' on page 14 undefined on input line 
36.


LaTeX Warning: Citation `bem2026testmatch' on page 14 undefined on input line 3
7.


LaTeX Warning: Citation `weizhang2020tradeoffs' on page 14 undefined on input l
ine 46.


LaTeX Warning: Citation `canonne2022tolerance' on page 14 undefined on input li
ne 48.

(/usr/local/texlive/2025basic/texmf-dist/tex/latex/lm/ot1lmss.fd)
Underfull \vbox (badness 1603) has occurred while \output is active
[14.14]
Overfull \hbox (3.19371pt too wide) in paragraph at lines 87--97
[]\T1/lmr/m/it/10 (-20) Proof. \T1/lmr/m/n/10 (-20) Con-di-tion-ing on $\OML/lm
m/m/it/10 D$ \T1/lmr/m/n/10 (-20) un-der $\OML/lmm/m/it/10 G$\T1/lmr/m/n/10 (-2
0) , $\U/msb/m/n/10 E[]\OT1/lmr/m/n/10 (-20) [\OML/lmm/m/it/10 A[]\OT1/lmr/m/n/
10 (-20) ]\OML/lmm/m/it/10 =[] \OT1/lmr/m/n/10 (-20) = \OML/lmm/m/it/10 P[]\OT1
/lmr/m/n/10 (-20) (\OT1/lmss/m/n/10 (-20) F\OT1/lmr/m/n/10 (-20) ) \U/msb/m/n/1
0 E[]\OT1/lmr/m/n/10 (-20) [[]]\OML/lmm/m/it/10 =[] \OT1/lmr/m/n/10 (-20) + \OM
L/lmm/m/it/10 P[]\OT1/lmr/m/n/10 (-20) (\OT1/lmss/m/n/10 (-20) R\OT1/lmr/m/n/10
 (-20) )\OML/lmm/m/it/10 ^^Z[] \OMS/lmsy/m/n/10 ^^F

[15.15]
Overfull \hbox (63.28127pt too wide) in paragraph at lines 151--155
\T1/lmr/m/it/10 (-20) ob-serv-able. \T1/lmr/m/n/10 (-20) (Ver-i-fied to three d
ec-i-mals across all wrong-fractions; \T1/lmtt/m/n/10 scripts/verify_witness_ga
p.py\T1/lmr/m/n/10 (-20) .) 

[16.16]

LaTeX Warning: Citation `choo2024imperfect' on page 17 undefined on input line 
262.


LaTeX Warning: Citation `bem2026testmatch' on page 17 undefined on input line 2
62.


LaTeX Warning: Citation `canonne2022tolerance' on page 17 undefined on input li
ne 273.


[17.17 <../../../results/impossibility_frontier.png>])
(./ch/07_serving_related_conclusion.tex
[18.18]

LaTeX Warning: Citation `lykouris2018caching' on page 19 undefined on input lin
e 41.


LaTeX Warning: Citation `weizhang2020tradeoffs' on page 19 undefined on input l
ine 42.


LaTeX Warning: Citation `chledowski2021caching' on page 19 undefined on input l
ine 46.


LaTeX Warning: Citation `aci2022mpd' on page 19 undefined on input line 50.


LaTeX Warning: Citation `choo2024imperfect' on page 19 undefined on input line 
51.


LaTeX Warning: Citation `bem2026testmatch' on page 19 undefined on input line 5
1.


LaTeX Warning: Citation `borodin2018experimental' on page 19 undefined on input
 line 53.


LaTeX Warning: Citation `canonne2022tolerance' on page 19 undefined on input li
ne 57.


LaTeX Warning: Citation `valiant2011unseen' on page 19 undefined on input line 
57.


LaTeX Warning: Citation `jiao2018l1' on page 19 undefined on input line 58.

)
[19.19]
No file itcs_main.bbl.

[20.20] (./itcs_main.aux)

LaTeX Warning: There were undefined references.

 )
(see the transcript file for additional information)</usr/local/texlive/2025bas
ic/texmf-dist/fonts/type1/public/lm/lmbx10.pfb></usr/local/texlive/2025basic/te
xmf-dist/fonts/type1/public/lm/lmbx12.pfb></usr/local/texlive/2025basic/texmf-d
ist/fonts/type1/public/lm/lmbx9.pfb></usr/local/texlive/2025basic/texmf-dist/fo
nts/type1/public/lm/lmbxi10.pfb></usr/local/texlive/2025basic/texmf-dist/fonts/
type1/public/lm/lmex10.pfb></usr/local/texlive/2025basic/texmf-dist/fonts/type1
/public/lm/lmmi10.pfb></usr/local/texlive/2025basic/texmf-dist/fonts/type1/publ
ic/lm/lmmi7.pfb></usr/local/texlive/2025basic/texmf-dist/fonts/type1/public/lm/
lmmi9.pfb></usr/local/texlive/2025basic/texmf-dist/fonts/type1/public/lm/lmr10.
pfb></usr/local/texlive/2025basic/texmf-dist/fonts/type1/public/lm/lmr6.pfb></u
sr/local/texlive/2025basic/texmf-dist/fonts/type1/public/lm/lmr7.pfb></usr/loca
l/texlive/2025basic/texmf-dist/fonts/type1/public/lm/lmr9.pfb></usr/local/texli
ve/2025basic/texmf-dist/fonts/type1/public/lm/lmri10.pfb></usr/local/texlive/20
25basic/texmf-dist/fonts/type1/public/lm/lmri9.pfb></usr/local/texlive/2025basi
c/texmf-dist/fonts/type1/public/lm/lmss10.pfb></usr/local/texlive/2025basic/tex
mf-dist/fonts/type1/public/lm/lmss8.pfb></usr/local/texlive/2025basic/texmf-dis
t/fonts/type1/public/lm/lmssbo10.pfb></usr/local/texlive/2025basic/texmf-dist/f
onts/type1/public/lm/lmssbx10.pfb></usr/local/texlive/2025basic/texmf-dist/font
s/type1/public/lm/lmsy10.pfb></usr/local/texlive/2025basic/texmf-dist/fonts/typ
e1/public/lm/lmsy7.pfb></usr/local/texlive/2025basic/texmf-dist/fonts/type1/pub
lic/lm/lmsy9.pfb></usr/local/texlive/2025basic/texmf-dist/fonts/type1/public/lm
/lmtt10.pfb></usr/local/texlive/2025basic/texmf-dist/fonts/type1/public/amsfont
s/symbols/msam10.pfb></usr/local/texlive/2025basic/texmf-dist/fonts/type1/publi
c/amsfonts/symbols/msbm10.pfb>
Output written on itcs_main.pdf (20 pages, 1321652 bytes).
Transcript written on itcs_main.log.
This is BibTeX, Version 0.99d (TeX Live 2025)
The top-level auxiliary file: itcs_main.aux
The style file: plainurl.bst
Database file #1: refs_clean.bib
This is pdfTeX, Version 3.141592653-2.6-1.40.27 (TeX Live 2025) (preloaded format=pdflatex)
 restricted \write18 enabled.
entering extended mode
(./itcs_main.tex
LaTeX2e <2024-11-01> patch level 2
L3 programming layer <2025-01-18>
(./lipics-v2021.cls
Document Class: lipics-v2021 2023/05/12 v3.1.3 LIPIcs articles
(/usr/local/texlive/2025basic/texmf-dist/tex/latex/base/article.cls
Document Class: article 2024/06/29 v1.4n Standard LaTeX document class
(/usr/local/texlive/2025basic/texmf-dist/tex/latex/base/fleqn.clo)
(/usr/local/texlive/2025basic/texmf-dist/tex/latex/base/size10.clo))
(/usr/local/texlive/2025basic/texmf-dist/tex/latex/microtype/microtype.sty
(/usr/local/texlive/2025basic/texmf-dist/tex/latex/graphics/keyval.sty)
(/Users/lizhuolun/Library/texmf/tex/latex/etoolbox/etoolbox.sty)
(/usr/local/texlive/2025basic/texmf-dist/tex/latex/microtype/microtype-pdftex.d
ef) (/usr/local/texlive/2025basic/texmf-dist/tex/latex/microtype/microtype.cfg)
) (/usr/local/texlive/2025basic/texmf-dist/tex/latex/base/inputenc.sty)
(/usr/local/texlive/2025basic/texmf-dist/tex/latex/lm/lmodern.sty)

Class Package fontawesome5 not installed Warning: Please install package fontaw
esome5 on input line 535.

(/usr/local/texlive/2025basic/texmf-dist/tex/latex/base/fontenc.sty
(/usr/local/texlive/2025basic/texmf-dist/tex/latex/lm/t1lmr.fd))
(/usr/local/texlive/2025basic/texmf-dist/tex/latex/base/textcomp.sty)
(/usr/local/texlive/2025basic/texmf-dist/tex/latex/amsfonts/eucal.sty)
(/usr/local/texlive/2025basic/texmf-dist/tex/latex/amsfonts/amssymb.sty
(/usr/local/texlive/2025basic/texmf-dist/tex/latex/amsfonts/amsfonts.sty))
(/Users/lizhuolun/Library/texmf/tex/generic/soul/soul.sty
(/Users/lizhuolun/Library/texmf/tex/generic/soul/soul-ori.sty)
(/usr/local/texlive/2025basic/texmf-dist/tex/generic/infwarerr/infwarerr.sty)
(/usr/local/texlive/2025basic/texmf-dist/tex/generic/etexcmds/etexcmds.sty
(/usr/local/texlive/2025basic/texmf-dist/tex/generic/iftex/iftex.sty)))
(/usr/local/texlive/2025basic/texmf-dist/tex/latex/graphics/color.sty
(/usr/local/texlive/2025basic/texmf-dist/tex/latex/graphics-cfg/color.cfg)
(/usr/local/texlive/2025basic/texmf-dist/tex/latex/graphics-def/pdftex.def)
(/usr/local/texlive/2025basic/texmf-dist/tex/latex/graphics/mathcolor.ltx))
(/usr/local/texlive/2025basic/texmf-dist/tex/generic/babel/babel.sty
(/usr/local/texlive/2025basic/texmf-dist/tex/generic/babel/txtbabel.def)
(/usr/local/texlive/2025basic/texmf-dist/tex/generic/babel-english/USenglish.ld
f
(/usr/local/texlive/2025basic/texmf-dist/tex/generic/babel-english/english.ldf)
))
(/usr/local/texlive/2025basic/texmf-dist/tex/generic/babel/locale/en/babel-usen
glish.tex)
(/usr/local/texlive/2025basic/texmf-dist/tex/latex/amsmath/amsmath.sty
For additional information on amsmath, use the `?' option.
(/usr/local/texlive/2025basic/texmf-dist/tex/latex/amsmath/amstext.sty
(/usr/local/texlive/2025basic/texmf-dist/tex/latex/amsmath/amsgen.sty))
(/usr/local/texlive/2025basic/texmf-dist/tex/latex/amsmath/amsbsy.sty)
(/usr/local/texlive/2025basic/texmf-dist/tex/latex/amsmath/amsopn.sty))
(/usr/local/texlive/2025basic/texmf-dist/tex/latex/tools/enumerate.sty)
(/usr/local/texlive/2025basic/texmf-dist/tex/latex/graphics/graphicx.sty
(/usr/local/texlive/2025basic/texmf-dist/tex/latex/graphics/graphics.sty
(/usr/local/texlive/2025basic/texmf-dist/tex/latex/graphics/trig.sty)
(/usr/local/texlive/2025basic/texmf-dist/tex/latex/graphics-cfg/graphics.cfg)))
 (/usr/local/texlive/2025basic/texmf-dist/tex/latex/tools/array.sty)
(/Users/lizhuolun/Library/texmf/tex/latex/multirow/multirow.sty)
(/usr/local/texlive/2025basic/texmf-dist/tex/latex/tools/tabularx.sty)
(/Users/lizhuolun/Library/texmf/tex/latex/threeparttable/threeparttable.sty)
(/usr/local/texlive/2025basic/texmf-dist/tex/latex/listings/listings.sty
(/usr/local/texlive/2025basic/texmf-dist/tex/latex/listings/lstpatch.sty)
(/usr/local/texlive/2025basic/texmf-dist/tex/latex/listings/lstmisc.sty)
(/usr/local/texlive/2025basic/texmf-dist/tex/latex/listings/listings.cfg))
(/usr/local/texlive/2025basic/texmf-dist/tex/latex/lineno/lineno.sty
(/usr/local/texlive/2025basic/texmf-dist/tex/latex/kvoptions/kvoptions.sty
(/usr/local/texlive/2025basic/texmf-dist/tex/generic/ltxcmds/ltxcmds.sty)
(/usr/local/texlive/2025basic/texmf-dist/tex/latex/kvsetkeys/kvsetkeys.sty)))
(/usr/local/texlive/2025basic/texmf-dist/tex/latex/hyperref/hyperref.sty
(/usr/local/texlive/2025basic/texmf-dist/tex/generic/kvdefinekeys/kvdefinekeys.
sty)
(/usr/local/texlive/2025basic/texmf-dist/tex/generic/pdfescape/pdfescape.sty
(/usr/local/texlive/2025basic/texmf-dist/tex/generic/pdftexcmds/pdftexcmds.sty)
) (/usr/local/texlive/2025basic/texmf-dist/tex/latex/hycolor/hycolor.sty)
(/usr/local/texlive/2025basic/texmf-dist/tex/latex/hyperref/nameref.sty
(/usr/local/texlive/2025basic/texmf-dist/tex/latex/refcount/refcount.sty)
(/usr/local/texlive/2025basic/texmf-dist/tex/generic/gettitlestring/gettitlestr
ing.sty))
(/usr/local/texlive/2025basic/texmf-dist/tex/generic/stringenc/stringenc.sty)
(/usr/local/texlive/2025basic/texmf-dist/tex/latex/hyperref/pd1enc.def)
(/usr/local/texlive/2025basic/texmf-dist/tex/generic/intcalc/intcalc.sty)
(/usr/local/texlive/2025basic/texmf-dist/tex/latex/hyperref/puenc.def)
(/usr/local/texlive/2025basic/texmf-dist/tex/latex/url/url.sty)
(/usr/local/texlive/2025basic/texmf-dist/tex/generic/bitset/bitset.sty
(/usr/local/texlive/2025basic/texmf-dist/tex/generic/bigintcalc/bigintcalc.sty)
) (/usr/local/texlive/2025basic/texmf-dist/tex/latex/base/atbegshi-ltx.sty))
(/usr/local/texlive/2025basic/texmf-dist/tex/latex/hyperref/hpdftex.def
(/usr/local/texlive/2025basic/texmf-dist/tex/latex/base/atveryend-ltx.sty)
(/usr/local/texlive/2025basic/texmf-dist/tex/latex/rerunfilecheck/rerunfilechec
k.sty
(/usr/local/texlive/2025basic/texmf-dist/tex/generic/uniquecounter/uniquecounte
r.sty))) (/Users/lizhuolun/Library/texmf/tex/latex/totpages/totpages.sty
(/usr/local/texlive/2025basic/texmf-dist/tex/latex/everyshi/everyshi.sty))
(/usr/local/texlive/2025basic/texmf-dist/tex/latex/caption/caption.sty
(/usr/local/texlive/2025basic/texmf-dist/tex/latex/caption/caption3.sty))
(/usr/local/texlive/2025basic/texmf-dist/tex/latex/graphics/rotating.sty
(/usr/local/texlive/2025basic/texmf-dist/tex/latex/base/ifthen.sty))
(/usr/local/texlive/2025basic/texmf-dist/tex/latex/caption/subcaption.sty)
(/Users/lizhuolun/Library/texmf/tex/generic/xstring/xstring.sty
(/Users/lizhuolun/Library/texmf/tex/generic/xstring/xstring.tex))
(/Users/lizhuolun/Library/texmf/tex/latex/comment/comment.sty
Excluding comment 'comment') Excluding comment 'CCSXML'
(/usr/local/texlive/2025basic/texmf-dist/tex/latex/amscls/amsthm.sty))
(/usr/local/texlive/2025basic/texmf-dist/tex/latex/tools/longtable.sty)
(/usr/local/texlive/2025basic/texmf-dist/tex/latex/booktabs/booktabs.sty)
(/usr/local/texlive/2025basic/texmf-dist/tex/latex/tools/calc.sty)
(/usr/local/texlive/2025basic/texmf-dist/tex/latex/l3backend/l3backend-pdftex.d
ef) (./itcs_main.aux)
(/usr/local/texlive/2025basic/texmf-dist/tex/latex/microtype/mt-cmr.cfg)
(/usr/local/texlive/2025basic/texmf-dist/tex/latex/xcolor/xcolor.sty
(/usr/local/texlive/2025basic/texmf-dist/tex/latex/graphics-cfg/color.cfg)
(/usr/local/texlive/2025basic/texmf-dist/tex/latex/graphics/mathcolor.ltx))
(/usr/local/texlive/2025basic/texmf-dist/tex/context/base/mkii/supp-pdf.mkii
[Loading MPS to PDF converter (version 2006.09.02).]
)
(/usr/local/texlive/2025basic/texmf-dist/tex/latex/epstopdf-pkg/epstopdf-base.s
ty
(/usr/local/texlive/2025basic/texmf-dist/tex/latex/latexconfig/epstopdf-sys.cfg
)) (./itcs_main.out) (./itcs_main.out)
(/usr/local/texlive/2025basic/texmf-dist/tex/latex/caption/ltcaption.sty)
(/usr/local/texlive/2025basic/texmf-dist/tex/latex/lm/t1lmss.fd)
(/usr/local/texlive/2025basic/texmf-dist/tex/latex/lm/ot1lmr.fd)
(/usr/local/texlive/2025basic/texmf-dist/tex/latex/lm/omllmm.fd)
(/usr/local/texlive/2025basic/texmf-dist/tex/latex/lm/omslmsy.fd)
(/usr/local/texlive/2025basic/texmf-dist/tex/latex/lm/omxlmex.fd)
(/usr/local/texlive/2025basic/texmf-dist/tex/latex/amsfonts/umsa.fd)
(/usr/local/texlive/2025basic/texmf-dist/tex/latex/microtype/mt-msa.cfg)
(/usr/local/texlive/2025basic/texmf-dist/tex/latex/amsfonts/umsb.fd)
(/usr/local/texlive/2025basic/texmf-dist/tex/latex/microtype/mt-msb.cfg)
(./ch/abstract.tex) (./ch/00_abstract_intro.tex

LaTeX Warning: Citation `kvv1990ranking' on page 1 undefined on input line 9.


LaTeX Warning: Citation `feldman2009online' on page 1 undefined on input line 1
1.


LaTeX Warning: Citation `jailletlu2014online' on page 1 undefined on input line
 11.


LaTeX Warning: Citation `lykouris2018caching' on page 1 undefined on input line
 19.


LaTeX Warning: Citation `weizhang2020tradeoffs' on page 1 undefined on input li
ne 19.


LaTeX Warning: Citation `aci2022mpd' on page 1 undefined on input line 21.


LaTeX Warning: Citation `choo2024imperfect' on page 1 undefined on input line 2
5.


LaTeX Warning: Citation `bem2026testmatch' on page 1 undefined on input line 26
.


(/usr/local/texlive/2025basic/texmf-dist/tex/latex/lm/ts1lmr.fd) [1.1{/Users/li
zhuolun/Library/texlive/2025basic/texmf-var/fonts/map/pdftex/updmap/pdftex.map}
{/usr/local/texlive/2025basic/texmf-dist/fonts/enc/dvips/lm/lm-ec.enc}{/usr/loc
al/texlive/2025basic/texmf-dist/fonts/enc/dvips/lm/lm-rm.enc}{/usr/local/texliv
e/2025basic/texmf-dist/fonts/enc/dvips/lm/lm-mathit.enc}{/usr/local/texlive/202
5basic/texmf-dist/fonts/enc/dvips/lm/lm-mathsy.enc}{/usr/local/texlive/2025basi
c/texmf-dist/fonts/enc/dvips/lm/lm-mathex.enc}{/usr/local/texlive/2025basic/tex
mf-dist/fonts/enc/dvips/lm/lm-ts1.enc} <./lipics-logo-bw.pdf> <./cc-by.pdf>]

LaTeX Warning: Citation `chledowski2021caching' on page 2 undefined on input li
ne 47.


LaTeX Warning: Citation `canonne2022tolerance' on page 2 undefined on input lin
e 98.


[2.2]) (./ch/01_setup.tex
[3.3]

LaTeX Warning: Citation `hopcroftkarp1973' on page 4 undefined on input line 23
.


LaTeX Warning: Citation `kvv1990ranking' on page 4 undefined on input line 26.


LaTeX Warning: Citation `kvv1990ranking' on page 4 undefined on input line 43.


LaTeX Warning: Citation `feldman2009online' on page 4 undefined on input line 4
6.


LaTeX Warning: Citation `jailletlu2014online' on page 4 undefined on input line
 47.


LaTeX Warning: Citation `aci2022mpd' on page 4 undefined on input line 53.


LaTeX Warning: Citation `choo2024imperfect' on page 4 undefined on input line 7
0.


LaTeX Warning: Citation `bem2026testmatch' on page 4 undefined on input line 70
.


LaTeX Warning: Citation `jiao2018l1' on page 4 undefined on input line 78.


LaTeX Warning: Citation `chledowski2021caching' on page 4 undefined on input li
ne 85.


[4.4]

LaTeX Warning: Citation `borodin2018experimental' on page 5 undefined on input 
line 140.

) (./ch/02_unified_benchmark.tex
[5.5]
Overfull \hbox (6.9881pt too wide) in paragraph at lines 66--66
[]|\T1/lmr/m/n/9 (-20) Feldman(MPD)|  

Overfull \hbox (8.1359pt too wide) in paragraph at lines 67--67
[]|\T1/lmr/m/n/9 (-20) JailletLu(MPD)|  

Overfull \hbox (5.90585pt too wide) in paragraph at lines 73--73
[]|\T1/lmr/m/n/9 (-20) Feldman(MPD) 

[6.6]) (./ch/03_order_error.tex
[7.7 <../../../results/unified_benchmark.png>]
(/usr/local/texlive/2025basic/texmf-dist/tex/latex/lm/t1lmtt.fd)
[8.8 <../../../results/order_vs_theory.png>]) (./ch/04_test_and_fallback.tex
[9.9]
[10.10 <../../../results/choo_bem_envelope.png>])
(./ch/05_external_validity.tex
[11.11 <../../../results/choo_bem_prefix.png>]
[12.12 <../../../results/real_predictor.png>]
[13.13 <../../../results/realworld_robustness.png>]) (./ch/06_theory.tex

LaTeX Warning: Citation `canonne2022tolerance' on page 14 undefined on input li
ne 26.


LaTeX Warning: Citation `valiant2011unseen' on page 14 undefined on input line 
26.


LaTeX Warning: Citation `jiao2018l1' on page 14 undefined on input line 26.


LaTeX Warning: Citation `choo2024imperfect' on page 14 undefined on input line 
30.


LaTeX Warning: Citation `bem2026testmatch' on page 14 undefined on input line 3
0.


LaTeX Warning: Citation `choo2024imperfect' on page 14 undefined on input line 
36.


LaTeX Warning: Citation `bem2026testmatch' on page 14 undefined on input line 3
7.


LaTeX Warning: Citation `weizhang2020tradeoffs' on page 14 undefined on input l
ine 46.


LaTeX Warning: Citation `canonne2022tolerance' on page 14 undefined on input li
ne 48.

(/usr/local/texlive/2025basic/texmf-dist/tex/latex/lm/ot1lmss.fd)
Underfull \vbox (badness 1603) has occurred while \output is active
[14.14]
Overfull \hbox (3.19371pt too wide) in paragraph at lines 87--97
[]\T1/lmr/m/it/10 (-20) Proof. \T1/lmr/m/n/10 (-20) Con-di-tion-ing on $\OML/lm
m/m/it/10 D$ \T1/lmr/m/n/10 (-20) un-der $\OML/lmm/m/it/10 G$\T1/lmr/m/n/10 (-2
0) , $\U/msb/m/n/10 E[]\OT1/lmr/m/n/10 (-20) [\OML/lmm/m/it/10 A[]\OT1/lmr/m/n/
10 (-20) ]\OML/lmm/m/it/10 =[] \OT1/lmr/m/n/10 (-20) = \OML/lmm/m/it/10 P[]\OT1
/lmr/m/n/10 (-20) (\OT1/lmss/m/n/10 (-20) F\OT1/lmr/m/n/10 (-20) ) \U/msb/m/n/1
0 E[]\OT1/lmr/m/n/10 (-20) [[]]\OML/lmm/m/it/10 =[] \OT1/lmr/m/n/10 (-20) + \OM
L/lmm/m/it/10 P[]\OT1/lmr/m/n/10 (-20) (\OT1/lmss/m/n/10 (-20) R\OT1/lmr/m/n/10
 (-20) )\OML/lmm/m/it/10 ^^Z[] \OMS/lmsy/m/n/10 ^^F

[15.15]
Overfull \hbox (63.28127pt too wide) in paragraph at lines 151--155
\T1/lmr/m/it/10 (-20) ob-serv-able. \T1/lmr/m/n/10 (-20) (Ver-i-fied to three d
ec-i-mals across all wrong-fractions; \T1/lmtt/m/n/10 scripts/verify_witness_ga
p.py\T1/lmr/m/n/10 (-20) .) 

[16.16]

LaTeX Warning: Citation `choo2024imperfect' on page 17 undefined on input line 
262.


LaTeX Warning: Citation `bem2026testmatch' on page 17 undefined on input line 2
62.


LaTeX Warning: Citation `canonne2022tolerance' on page 17 undefined on input li
ne 273.


[17.17 <../../../results/impossibility_frontier.png>])
(./ch/07_serving_related_conclusion.tex
[18.18]

LaTeX Warning: Citation `lykouris2018caching' on page 19 undefined on input lin
e 41.


LaTeX Warning: Citation `weizhang2020tradeoffs' on page 19 undefined on input l
ine 42.


LaTeX Warning: Citation `chledowski2021caching' on page 19 undefined on input l
ine 46.


LaTeX Warning: Citation `aci2022mpd' on page 19 undefined on input line 50.


LaTeX Warning: Citation `choo2024imperfect' on page 19 undefined on input line 
51.


LaTeX Warning: Citation `bem2026testmatch' on page 19 undefined on input line 5
1.


LaTeX Warning: Citation `borodin2018experimental' on page 19 undefined on input
 line 53.


LaTeX Warning: Citation `canonne2022tolerance' on page 19 undefined on input li
ne 57.


LaTeX Warning: Citation `valiant2011unseen' on page 19 undefined on input line 
57.


LaTeX Warning: Citation `jiao2018l1' on page 19 undefined on input line 58.

)
[19.19] (./itcs_main.bbl)
[20.20] (./itcs_main.aux)

LaTeX Warning: There were undefined references.


LaTeX Warning: Label(s) may have changed. Rerun to get cross-references right.

 )
(see the transcript file for additional information)</usr/local/texlive/2025bas
ic/texmf-dist/fonts/type1/public/lm/lmbx10.pfb></usr/local/texlive/2025basic/te
xmf-dist/fonts/type1/public/lm/lmbx12.pfb></usr/local/texlive/2025basic/texmf-d
ist/fonts/type1/public/lm/lmbx9.pfb></usr/local/texlive/2025basic/texmf-dist/fo
nts/type1/public/lm/lmbxi10.pfb></usr/local/texlive/2025basic/texmf-dist/fonts/
type1/public/lm/lmex10.pfb></usr/local/texlive/2025basic/texmf-dist/fonts/type1
/public/lm/lmmi10.pfb></usr/local/texlive/2025basic/texmf-dist/fonts/type1/publ
ic/lm/lmmi6.pfb></usr/local/texlive/2025basic/texmf-dist/fonts/type1/public/lm/
lmmi7.pfb></usr/local/texlive/2025basic/texmf-dist/fonts/type1/public/lm/lmmi9.
pfb></usr/local/texlive/2025basic/texmf-dist/fonts/type1/public/lm/lmr10.pfb></
usr/local/texlive/2025basic/texmf-dist/fonts/type1/public/lm/lmr6.pfb></usr/loc
al/texlive/2025basic/texmf-dist/fonts/type1/public/lm/lmr7.pfb></usr/local/texl
ive/2025basic/texmf-dist/fonts/type1/public/lm/lmr9.pfb></usr/local/texlive/202
5basic/texmf-dist/fonts/type1/public/lm/lmri10.pfb></usr/local/texlive/2025basi
c/texmf-dist/fonts/type1/public/lm/lmri9.pfb></usr/local/texlive/2025basic/texm
f-dist/fonts/type1/public/lm/lmss10.pfb></usr/local/texlive/2025basic/texmf-dis
t/fonts/type1/public/lm/lmss8.pfb></usr/local/texlive/2025basic/texmf-dist/font
s/type1/public/lm/lmssbo10.pfb></usr/local/texlive/2025basic/texmf-dist/fonts/t
ype1/public/lm/lmssbx10.pfb></usr/local/texlive/2025basic/texmf-dist/fonts/type
1/public/lm/lmsy10.pfb></usr/local/texlive/2025basic/texmf-dist/fonts/type1/pub
lic/lm/lmsy7.pfb></usr/local/texlive/2025basic/texmf-dist/fonts/type1/public/lm
/lmsy9.pfb></usr/local/texlive/2025basic/texmf-dist/fonts/type1/public/lm/lmtt1
0.pfb></usr/local/texlive/2025basic/texmf-dist/fonts/type1/public/amsfonts/symb
ols/msam10.pfb></usr/local/texlive/2025basic/texmf-dist/fonts/type1/public/amsf
onts/symbols/msbm10.pfb>
Output written on itcs_main.pdf (20 pages, 1334555 bytes).
Transcript written on itcs_main.log.
This is pdfTeX, Version 3.141592653-2.6-1.40.27 (TeX Live 2025) (preloaded format=pdflatex)
 restricted \write18 enabled.
entering extended mode
(./itcs_main.tex
LaTeX2e <2024-11-01> patch level 2
L3 programming layer <2025-01-18>
(./lipics-v2021.cls
Document Class: lipics-v2021 2023/05/12 v3.1.3 LIPIcs articles
(/usr/local/texlive/2025basic/texmf-dist/tex/latex/base/article.cls
Document Class: article 2024/06/29 v1.4n Standard LaTeX document class
(/usr/local/texlive/2025basic/texmf-dist/tex/latex/base/fleqn.clo)
(/usr/local/texlive/2025basic/texmf-dist/tex/latex/base/size10.clo))
(/usr/local/texlive/2025basic/texmf-dist/tex/latex/microtype/microtype.sty
(/usr/local/texlive/2025basic/texmf-dist/tex/latex/graphics/keyval.sty)
(/Users/lizhuolun/Library/texmf/tex/latex/etoolbox/etoolbox.sty)
(/usr/local/texlive/2025basic/texmf-dist/tex/latex/microtype/microtype-pdftex.d
ef) (/usr/local/texlive/2025basic/texmf-dist/tex/latex/microtype/microtype.cfg)
) (/usr/local/texlive/2025basic/texmf-dist/tex/latex/base/inputenc.sty)
(/usr/local/texlive/2025basic/texmf-dist/tex/latex/lm/lmodern.sty)

Class Package fontawesome5 not installed Warning: Please install package fontaw
esome5 on input line 535.

(/usr/local/texlive/2025basic/texmf-dist/tex/latex/base/fontenc.sty
(/usr/local/texlive/2025basic/texmf-dist/tex/latex/lm/t1lmr.fd))
(/usr/local/texlive/2025basic/texmf-dist/tex/latex/base/textcomp.sty)
(/usr/local/texlive/2025basic/texmf-dist/tex/latex/amsfonts/eucal.sty)
(/usr/local/texlive/2025basic/texmf-dist/tex/latex/amsfonts/amssymb.sty
(/usr/local/texlive/2025basic/texmf-dist/tex/latex/amsfonts/amsfonts.sty))
(/Users/lizhuolun/Library/texmf/tex/generic/soul/soul.sty
(/Users/lizhuolun/Library/texmf/tex/generic/soul/soul-ori.sty)
(/usr/local/texlive/2025basic/texmf-dist/tex/generic/infwarerr/infwarerr.sty)
(/usr/local/texlive/2025basic/texmf-dist/tex/generic/etexcmds/etexcmds.sty
(/usr/local/texlive/2025basic/texmf-dist/tex/generic/iftex/iftex.sty)))
(/usr/local/texlive/2025basic/texmf-dist/tex/latex/graphics/color.sty
(/usr/local/texlive/2025basic/texmf-dist/tex/latex/graphics-cfg/color.cfg)
(/usr/local/texlive/2025basic/texmf-dist/tex/latex/graphics-def/pdftex.def)
(/usr/local/texlive/2025basic/texmf-dist/tex/latex/graphics/mathcolor.ltx))
(/usr/local/texlive/2025basic/texmf-dist/tex/generic/babel/babel.sty
(/usr/local/texlive/2025basic/texmf-dist/tex/generic/babel/txtbabel.def)
(/usr/local/texlive/2025basic/texmf-dist/tex/generic/babel-english/USenglish.ld
f
(/usr/local/texlive/2025basic/texmf-dist/tex/generic/babel-english/english.ldf)
))
(/usr/local/texlive/2025basic/texmf-dist/tex/generic/babel/locale/en/babel-usen
glish.tex)
(/usr/local/texlive/2025basic/texmf-dist/tex/latex/amsmath/amsmath.sty
For additional information on amsmath, use the `?' option.
(/usr/local/texlive/2025basic/texmf-dist/tex/latex/amsmath/amstext.sty
(/usr/local/texlive/2025basic/texmf-dist/tex/latex/amsmath/amsgen.sty))
(/usr/local/texlive/2025basic/texmf-dist/tex/latex/amsmath/amsbsy.sty)
(/usr/local/texlive/2025basic/texmf-dist/tex/latex/amsmath/amsopn.sty))
(/usr/local/texlive/2025basic/texmf-dist/tex/latex/tools/enumerate.sty)
(/usr/local/texlive/2025basic/texmf-dist/tex/latex/graphics/graphicx.sty
(/usr/local/texlive/2025basic/texmf-dist/tex/latex/graphics/graphics.sty
(/usr/local/texlive/2025basic/texmf-dist/tex/latex/graphics/trig.sty)
(/usr/local/texlive/2025basic/texmf-dist/tex/latex/graphics-cfg/graphics.cfg)))
 (/usr/local/texlive/2025basic/texmf-dist/tex/latex/tools/array.sty)
(/Users/lizhuolun/Library/texmf/tex/latex/multirow/multirow.sty)
(/usr/local/texlive/2025basic/texmf-dist/tex/latex/tools/tabularx.sty)
(/Users/lizhuolun/Library/texmf/tex/latex/threeparttable/threeparttable.sty)
(/usr/local/texlive/2025basic/texmf-dist/tex/latex/listings/listings.sty
(/usr/local/texlive/2025basic/texmf-dist/tex/latex/listings/lstpatch.sty)
(/usr/local/texlive/2025basic/texmf-dist/tex/latex/listings/lstmisc.sty)
(/usr/local/texlive/2025basic/texmf-dist/tex/latex/listings/listings.cfg))
(/usr/local/texlive/2025basic/texmf-dist/tex/latex/lineno/lineno.sty
(/usr/local/texlive/2025basic/texmf-dist/tex/latex/kvoptions/kvoptions.sty
(/usr/local/texlive/2025basic/texmf-dist/tex/generic/ltxcmds/ltxcmds.sty)
(/usr/local/texlive/2025basic/texmf-dist/tex/latex/kvsetkeys/kvsetkeys.sty)))
(/usr/local/texlive/2025basic/texmf-dist/tex/latex/hyperref/hyperref.sty
(/usr/local/texlive/2025basic/texmf-dist/tex/generic/kvdefinekeys/kvdefinekeys.
sty)
(/usr/local/texlive/2025basic/texmf-dist/tex/generic/pdfescape/pdfescape.sty
(/usr/local/texlive/2025basic/texmf-dist/tex/generic/pdftexcmds/pdftexcmds.sty)
) (/usr/local/texlive/2025basic/texmf-dist/tex/latex/hycolor/hycolor.sty)
(/usr/local/texlive/2025basic/texmf-dist/tex/latex/hyperref/nameref.sty
(/usr/local/texlive/2025basic/texmf-dist/tex/latex/refcount/refcount.sty)
(/usr/local/texlive/2025basic/texmf-dist/tex/generic/gettitlestring/gettitlestr
ing.sty))
(/usr/local/texlive/2025basic/texmf-dist/tex/generic/stringenc/stringenc.sty)
(/usr/local/texlive/2025basic/texmf-dist/tex/latex/hyperref/pd1enc.def)
(/usr/local/texlive/2025basic/texmf-dist/tex/generic/intcalc/intcalc.sty)
(/usr/local/texlive/2025basic/texmf-dist/tex/latex/hyperref/puenc.def)
(/usr/local/texlive/2025basic/texmf-dist/tex/latex/url/url.sty)
(/usr/local/texlive/2025basic/texmf-dist/tex/generic/bitset/bitset.sty
(/usr/local/texlive/2025basic/texmf-dist/tex/generic/bigintcalc/bigintcalc.sty)
) (/usr/local/texlive/2025basic/texmf-dist/tex/latex/base/atbegshi-ltx.sty))
(/usr/local/texlive/2025basic/texmf-dist/tex/latex/hyperref/hpdftex.def
(/usr/local/texlive/2025basic/texmf-dist/tex/latex/base/atveryend-ltx.sty)
(/usr/local/texlive/2025basic/texmf-dist/tex/latex/rerunfilecheck/rerunfilechec
k.sty
(/usr/local/texlive/2025basic/texmf-dist/tex/generic/uniquecounter/uniquecounte
r.sty))) (/Users/lizhuolun/Library/texmf/tex/latex/totpages/totpages.sty
(/usr/local/texlive/2025basic/texmf-dist/tex/latex/everyshi/everyshi.sty))
(/usr/local/texlive/2025basic/texmf-dist/tex/latex/caption/caption.sty
(/usr/local/texlive/2025basic/texmf-dist/tex/latex/caption/caption3.sty))
(/usr/local/texlive/2025basic/texmf-dist/tex/latex/graphics/rotating.sty
(/usr/local/texlive/2025basic/texmf-dist/tex/latex/base/ifthen.sty))
(/usr/local/texlive/2025basic/texmf-dist/tex/latex/caption/subcaption.sty)
(/Users/lizhuolun/Library/texmf/tex/generic/xstring/xstring.sty
(/Users/lizhuolun/Library/texmf/tex/generic/xstring/xstring.tex))
(/Users/lizhuolun/Library/texmf/tex/latex/comment/comment.sty
Excluding comment 'comment') Excluding comment 'CCSXML'
(/usr/local/texlive/2025basic/texmf-dist/tex/latex/amscls/amsthm.sty))
(/usr/local/texlive/2025basic/texmf-dist/tex/latex/tools/longtable.sty)
(/usr/local/texlive/2025basic/texmf-dist/tex/latex/booktabs/booktabs.sty)
(/usr/local/texlive/2025basic/texmf-dist/tex/latex/tools/calc.sty)
(/usr/local/texlive/2025basic/texmf-dist/tex/latex/l3backend/l3backend-pdftex.d
ef) (./itcs_main.aux)
(/usr/local/texlive/2025basic/texmf-dist/tex/latex/microtype/mt-cmr.cfg)
(/usr/local/texlive/2025basic/texmf-dist/tex/latex/xcolor/xcolor.sty
(/usr/local/texlive/2025basic/texmf-dist/tex/latex/graphics-cfg/color.cfg)
(/usr/local/texlive/2025basic/texmf-dist/tex/latex/graphics/mathcolor.ltx))
(/usr/local/texlive/2025basic/texmf-dist/tex/context/base/mkii/supp-pdf.mkii
[Loading MPS to PDF converter (version 2006.09.02).]
)
(/usr/local/texlive/2025basic/texmf-dist/tex/latex/epstopdf-pkg/epstopdf-base.s
ty
(/usr/local/texlive/2025basic/texmf-dist/tex/latex/latexconfig/epstopdf-sys.cfg
)) (./itcs_main.out) (./itcs_main.out)
(/usr/local/texlive/2025basic/texmf-dist/tex/latex/caption/ltcaption.sty)
(/usr/local/texlive/2025basic/texmf-dist/tex/latex/lm/t1lmss.fd)
(/usr/local/texlive/2025basic/texmf-dist/tex/latex/lm/ot1lmr.fd)
(/usr/local/texlive/2025basic/texmf-dist/tex/latex/lm/omllmm.fd)
(/usr/local/texlive/2025basic/texmf-dist/tex/latex/lm/omslmsy.fd)
(/usr/local/texlive/2025basic/texmf-dist/tex/latex/lm/omxlmex.fd)
(/usr/local/texlive/2025basic/texmf-dist/tex/latex/amsfonts/umsa.fd)
(/usr/local/texlive/2025basic/texmf-dist/tex/latex/microtype/mt-msa.cfg)
(/usr/local/texlive/2025basic/texmf-dist/tex/latex/amsfonts/umsb.fd)
(/usr/local/texlive/2025basic/texmf-dist/tex/latex/microtype/mt-msb.cfg)
(./ch/abstract.tex) (./ch/00_abstract_intro.tex
(/usr/local/texlive/2025basic/texmf-dist/tex/latex/lm/ts1lmr.fd) [1.1{/Users/li
zhuolun/Library/texlive/2025basic/texmf-var/fonts/map/pdftex/updmap/pdftex.map}
{/usr/local/texlive/2025basic/texmf-dist/fonts/enc/dvips/lm/lm-ec.enc}{/usr/loc
al/texlive/2025basic/texmf-dist/fonts/enc/dvips/lm/lm-rm.enc}{/usr/local/texliv
e/2025basic/texmf-dist/fonts/enc/dvips/lm/lm-mathit.enc}{/usr/local/texlive/202
5basic/texmf-dist/fonts/enc/dvips/lm/lm-mathsy.enc}{/usr/local/texlive/2025basi
c/texmf-dist/fonts/enc/dvips/lm/lm-mathex.enc}{/usr/local/texlive/2025basic/tex
mf-dist/fonts/enc/dvips/lm/lm-ts1.enc} <./lipics-logo-bw.pdf> <./cc-by.pdf>]
[2.2]) (./ch/01_setup.tex
[3.3]
[4.4]) (./ch/02_unified_benchmark.tex
[5.5]
Overfull \hbox (6.9881pt too wide) in paragraph at lines 66--66
[]|\T1/lmr/m/n/9 (-20) Feldman(MPD)|  

Overfull \hbox (8.1359pt too wide) in paragraph at lines 67--67
[]|\T1/lmr/m/n/9 (-20) JailletLu(MPD)|  

Overfull \hbox (5.90585pt too wide) in paragraph at lines 73--73
[]|\T1/lmr/m/n/9 (-20) Feldman(MPD) 

[6.6]) (./ch/03_order_error.tex
[7.7 <../../../results/unified_benchmark.png>]
(/usr/local/texlive/2025basic/texmf-dist/tex/latex/lm/t1lmtt.fd)
[8.8 <../../../results/order_vs_theory.png>]) (./ch/04_test_and_fallback.tex
[9.9]
[10.10 <../../../results/choo_bem_envelope.png>])
(./ch/05_external_validity.tex
[11.11 <../../../results/choo_bem_prefix.png>]
[12.12 <../../../results/real_predictor.png>]
[13.13 <../../../results/realworld_robustness.png>]) (./ch/06_theory.tex
(/usr/local/texlive/2025basic/texmf-dist/tex/latex/lm/ot1lmss.fd)
Underfull \vbox (badness 1603) has occurred while \output is active
[14.14]
Overfull \hbox (3.19371pt too wide) in paragraph at lines 87--97
[]\T1/lmr/m/it/10 (-20) Proof. \T1/lmr/m/n/10 (-20) Con-di-tion-ing on $\OML/lm
m/m/it/10 D$ \T1/lmr/m/n/10 (-20) un-der $\OML/lmm/m/it/10 G$\T1/lmr/m/n/10 (-2
0) , $\U/msb/m/n/10 E[]\OT1/lmr/m/n/10 (-20) [\OML/lmm/m/it/10 A[]\OT1/lmr/m/n/
10 (-20) ]\OML/lmm/m/it/10 =[] \OT1/lmr/m/n/10 (-20) = \OML/lmm/m/it/10 P[]\OT1
/lmr/m/n/10 (-20) (\OT1/lmss/m/n/10 (-20) F\OT1/lmr/m/n/10 (-20) ) \U/msb/m/n/1
0 E[]\OT1/lmr/m/n/10 (-20) [[]]\OML/lmm/m/it/10 =[] \OT1/lmr/m/n/10 (-20) + \OM
L/lmm/m/it/10 P[]\OT1/lmr/m/n/10 (-20) (\OT1/lmss/m/n/10 (-20) R\OT1/lmr/m/n/10
 (-20) )\OML/lmm/m/it/10 ^^Z[] \OMS/lmsy/m/n/10 ^^F

[15.15]
Overfull \hbox (63.28127pt too wide) in paragraph at lines 151--155
\T1/lmr/m/it/10 (-20) ob-serv-able. \T1/lmr/m/n/10 (-20) (Ver-i-fied to three d
ec-i-mals across all wrong-fractions; \T1/lmtt/m/n/10 scripts/verify_witness_ga
p.py\T1/lmr/m/n/10 (-20) .) 

[16.16]
[17.17 <../../../results/impossibility_frontier.png>])
(./ch/07_serving_related_conclusion.tex
[18.18])
[19.19] (./itcs_main.bbl)
[20.20] (./itcs_main.aux) )
(see the transcript file for additional information)</usr/local/texlive/2025bas
ic/texmf-dist/fonts/type1/public/lm/lmbx10.pfb></usr/local/texlive/2025basic/te
xmf-dist/fonts/type1/public/lm/lmbx12.pfb></usr/local/texlive/2025basic/texmf-d
ist/fonts/type1/public/lm/lmbx9.pfb></usr/local/texlive/2025basic/texmf-dist/fo
nts/type1/public/lm/lmbxi10.pfb></usr/local/texlive/2025basic/texmf-dist/fonts/
type1/public/lm/lmex10.pfb></usr/local/texlive/2025basic/texmf-dist/fonts/type1
/public/lm/lmmi10.pfb></usr/local/texlive/2025basic/texmf-dist/fonts/type1/publ
ic/lm/lmmi6.pfb></usr/local/texlive/2025basic/texmf-dist/fonts/type1/public/lm/
lmmi7.pfb></usr/local/texlive/2025basic/texmf-dist/fonts/type1/public/lm/lmmi9.
pfb></usr/local/texlive/2025basic/texmf-dist/fonts/type1/public/lm/lmr10.pfb></
usr/local/texlive/2025basic/texmf-dist/fonts/type1/public/lm/lmr6.pfb></usr/loc
al/texlive/2025basic/texmf-dist/fonts/type1/public/lm/lmr7.pfb></usr/local/texl
ive/2025basic/texmf-dist/fonts/type1/public/lm/lmr9.pfb></usr/local/texlive/202
5basic/texmf-dist/fonts/type1/public/lm/lmri10.pfb></usr/local/texlive/2025basi
c/texmf-dist/fonts/type1/public/lm/lmri9.pfb></usr/local/texlive/2025basic/texm
f-dist/fonts/type1/public/lm/lmss10.pfb></usr/local/texlive/2025basic/texmf-dis
t/fonts/type1/public/lm/lmss8.pfb></usr/local/texlive/2025basic/texmf-dist/font
s/type1/public/lm/lmssbo10.pfb></usr/local/texlive/2025basic/texmf-dist/fonts/t
ype1/public/lm/lmssbx10.pfb></usr/local/texlive/2025basic/texmf-dist/fonts/type
1/public/lm/lmsy10.pfb></usr/local/texlive/2025basic/texmf-dist/fonts/type1/pub
lic/lm/lmsy7.pfb></usr/local/texlive/2025basic/texmf-dist/fonts/type1/public/lm
/lmsy9.pfb></usr/local/texlive/2025basic/texmf-dist/fonts/type1/public/lm/lmtt1
0.pfb></usr/local/texlive/2025basic/texmf-dist/fonts/type1/public/amsfonts/symb
ols/msam10.pfb></usr/local/texlive/2025basic/texmf-dist/fonts/type1/public/amsf
onts/symbols/msbm10.pfb>
Output written on itcs_main.pdf (20 pages, 1336873 bytes).
Transcript written on itcs_main.log.
